[jthemes.net/themes/wp/genz/index.html]
[backblue.gif]
[fade.gif]
[index.html]
[jthemes.net/themes/wp/genz/wp-includes/css/dist/block-library/style.minb6a4.css]
[jthemes.net/themes/wp/genz/feed/index.html]
[jthemes.net/themes/wp/genz/wp-content/plugins/woocommerce/packages/woocommerce-blocks/build/wc-blocks-vendors-stylead26.css]
[jthemes.net/themes/wp/genz/comments/feed/index.html]
[jthemes.net/themes/wp/genz/wp-content/plugins/woocommerce/packages/woocommerce-blocks/build/wc-blocks-stylead26.css]
[jthemes.net/themes/wp/genz/wp-content/plugins/contact-form-7/includes/css/stylesf2b4.css]
[jthemes.net/themes/wp/genz/wp-content/themes/genz/assets/css/vendors/normalize5152.css]
[jthemes.net/themes/wp/genz/wp-content/themes/genz/assets/css/vendors/uicons-regular-rounded5152.css]
[jthemes.net/themes/wp/genz/wp-content/themes/genz/assets/css/vendors/swiper-bundle.min6055.css]
[jthemes.net/themes/wp/genz/wp-content/themes/genz/assets/css/vendors/animate.min0235.css]
[jthemes.net/themes/wp/genz/wp-content/themes/genz/assets/css/vendors/bootstrap.min5152.css]
[jthemes.net/themes/wp/genz/wp-content/themes/genz/assets/css/woocommercecb18.css]
[jthemes.net/themes/wp/genz/wp-content/themes/genz/assets/css/stylecb18.css]
[jthemes.net/themes/wp/genz/wp-content/themes/genz/assets/css/genzcb18.css]
[jthemes.net/themes/wp/genz/wp-content/themes/genz/styleb6a4.css]
[jthemes.net/themes/wp/genz/wp-content/themes/genz/assets/css/color-mode5152.css]
[jthemes.net/themes/wp/genz/wp-content/plugins/elementor/assets/lib/eicons/css/elementor-icons.mind618.css]
[jthemes.net/themes/wp/genz/wp-content/plugins/elementor/assets/css/frontend-lite.min5829.css]
[jthemes.net/themes/wp/genz/wp-content/plugins/elementor/assets/lib/swiper/css/swiper.min48f5.css]
[jthemes.net/themes/wp/genz/wp-content/uploads/elementor/css/post-79f92.css]
[jthemes.net/themes/wp/genz/wp-content/uploads/elementor/css/global9f92.css]
[jthemes.net/themes/wp/genz/wp-content/uploads/elementor/css/post-59f92.css]
[jthemes.net/themes/wp/genz/wp-content/plugins/control-block-patterns/assets/css/control-block-patterns1abb.css]
[jthemes.net/themes/wp/genz/wp-includes/js/dist/hooks.min2757.js]
[stats.wp.com/w00bd.js]
[jthemes.net/themes/wp/genz/wp-includes/js/jquery/jquery.minf43b.js]
[jthemes.net/themes/wp/genz/wp-includes/js/jquery/jquery-migrate.min5589.js]
[jthemes.net/themes/wp/genz/wp-json/index.html]
[jthemes.net/themes/wp/genz/wp-json/wp/v2/pages/5.json]
[jthemes.net/themes/wp/genz/xmlrpc0db0.php]
[jthemes.net/themes/wp/genz/wp-json/oembed/1.0/embed42e6.json]
[jthemes.net/themes/wp/genz/wp-json/oembed/1.0/embed9b12]
[jthemes.net/themes/wp/genz/wp-content/uploads/2023/02/site-icon-100x100.png]
[jthemes.net/themes/wp/genz/wp-content/uploads/2023/02/site-icon.png]
[jthemes.net/themes/wp/genz/wp-content/themes/genz/assets/imgs/page/homepage1/banner.png]
[jthemes.net/themes/wp/genz/home-version-2/index.html]
[jthemes.net/themes/wp/genz/about/index.html]
[jthemes.net/themes/wp/genz/home-version-3/index.html]
[jthemes.net/themes/wp/genz/home-version-4/index.html]
[jthemes.net/themes/wp/genz/projects/index.html]
[jthemes.net/themes/wp/genz/portfolio-style-2/index.html]
[jthemes.net/themes/wp/genz/portfolio/disk-cover/index.html]
[jthemes.net/themes/wp/genz/category/travel-tips/index.html]
[jthemes.net/themes/wp/genz/category/lifestyle/index.html]
[jthemes.net/themes/wp/genz/category/healthy/index.html]
[jthemes.net/themes/wp/genz/category/design/index.html]
[jthemes.net/themes/wp/genz/category/technology/index.html]
[jthemes.net/themes/wp/genz/wp-content/uploads/2023/02/design.png]
[jthemes.net/themes/wp/genz/category/interviews/index.html]
[jthemes.net/themes/wp/genz/self-observation-is-the-first-step-of-inner-unfolding-2/index.html]
[jthemes.net/themes/wp/genz/self-observation-is-the-first-step-of-inner-unfolding/index.html]
[jthemes.net/themes/wp/genz/wp-content/uploads/2023/02/sport.png]
[jthemes.net/themes/wp/genz/self-observation-is-the-first-step-of-inner-unfolding-6/index.html]
[jthemes.net/themes/wp/genz/contact/index.html]
[jthemes.net/themes/wp/genz/shop/index.html]
[jthemes.net/themes/wp/genz/wp-content/uploads/2023/02/img2.jpg]
[jthemes.net/themes/wp/genz/tag/lifestyle/index.html]
[jthemes.net/themes/wp/genz/tag/travel/index.html]
[jthemes.net/themes/wp/genz/wp-content/uploads/2023/02/lifestyle.png]
[jthemes.net/themes/wp/genz/tag/business/index.html]
[jthemes.net/themes/wp/genz/tag/space/index.html]
[jthemes.net/themes/wp/genz/wp-content/uploads/2023/02/movie.png]
[jthemes.net/themes/wp/genz/tag/food/index.html]
[jthemes.net/themes/wp/genz/wp-content/themes/genz/assets/imgs/page/homepage1/sport.png]
[jthemes.net/themes/wp/genz/wp-content/uploads/2023/02/img3.jpg]
[jthemes.net/themes/wp/genz/wp-content/uploads/2023/02/travel.png]
[jthemes.net/themes/wp/genz/category/movie/index.html]
[jthemes.net/themes/wp/genz/wp-content/uploads/2023/02/news2.jpg]
[jthemes.net/themes/wp/genz/category/sports/index.html]
[jthemes.net/themes/wp/genz/wp-content/uploads/2023/04/banner-150x150.png]
[jthemes.net/themes/wp/genz/self-observation-is-the-first-step-of-inner-unfolding-5/index.html]
[jthemes.net/themes/wp/genz/wp-content/uploads/2023/02/tag3.png]
[jthemes.net/themes/wp/genz/tag/interior/index.html]
[jthemes.net/themes/wp/genz/tag/nature/index.html]
[jthemes.net/themes/wp/genz/wp-content/uploads/2023/02/tag12.png]
[jthemes.net/themes/wp/genz/tag/plant/index.html]
[jthemes.net/themes/wp/genz/author/genzadmin/index.html]
[jthemes.net/themes/wp/genz/wp-content/uploads/2023/02/tag1.png]
[jthemes.net/themes/wp/genz/self-observation-is-the-first-step-of-inner-unfolding-4/index.html]
[jthemes.net/themes/wp/genz/tag/animal/index.html]
[jthemes.net/themes/wp/genz/wp-content/uploads/2023/02/tag4.png]
[jthemes.net/themes/wp/genz/self-observation-is-the-first-step-of-inner-unfolding-3/index.html]
[jthemes.net/themes/wp/genz/tag/culture/index.html]
[jthemes.net/themes/wp/genz/wp-content/uploads/2023/02/tag5.png]
[jthemes.net/themes/wp/genz/tag/fashion/index.html]
[jthemes.net/themes/wp/genz/unique-architectural-designs-but-not-lacking-in-solid-structure/index.html]
[jthemes.net/themes/wp/genz/wp-content/uploads/2023/02/tag9.png]
[jthemes.net/themes/wp/genz/wp-content/uploads/2023/02/tag11.png]
[jthemes.net/themes/wp/genz/self-observation-is-the-first-step-of-inner-unfolding-7/index.html]
[jthemes.net/themes/wp/genz/wp-content/uploads/2023/02/tag10.png]
[jthemes.net/themes/wp/genz/wp-content/uploads/2023/02/tag6.png]
[jthemes.net/themes/wp/genz/wp-content/uploads/2023/02/news2-270x257.jpg]
[jthemes.net/themes/wp/genz/wp-content/uploads/2023/02/news1-270x257.png]
[jthemes.net/themes/wp/genz/aenean-auctor-wisi-et-urna-aliquam-erat/index.html]
[jthemes.net/themes/wp/genz/wp-content/uploads/2023/02/news1-270x257.jpg]
[jthemes.net/themes/wp/genz/wp-content/uploads/2023/02/news3-4-270x257.png]
[jthemes.net/themes/wp/genz/self-observation-is-the-first-step-of-inner-unfolding-9/index.html]
[jthemes.net/themes/wp/genz/self-observation-is-the-first-step-of-inner-unfolding-8/index.html]
[jthemes.net/themes/wp/genz/wp-content/uploads/2023/02/news3-2-270x257.png]
[jthemes.net/themes/wp/genz/wp-content/uploads/2023/02/news6-270x257.png]
[jthemes.net/themes/wp/genz/aenean-auctor-wisi-et-urna-aliquam-erat-copy-copy-2/index.html]
[jthemes.net/themes/wp/genz/why-are-there-so-many-norwegians-in-north-dakota/index.html]
[jthemes.net/themes/wp/genz/wp-content/uploads/2023/02/news2-150x150.jpg]
[jthemes.net/themes/wp/genz/wp-content/uploads/2023/02/news1-150x150.jpg]
[jthemes.net/themes/wp/genz/wp-content/uploads/2023/02/news3-4-150x150.png]
[jthemes.net/themes/wp/genz/page/2/index.html]
[jthemes.net/themes/wp/genz/page/3/index.html]
[jthemes.net/themes/wp/genz/page/4/index.html]
[jthemes.net/themes/wp/genz/wp-content/uploads/2023/02/news3-2-150x150.png]
[jthemes.net/themes/wp/genz/wp-content/uploads/2023/02/news6-150x150.png]
[jthemes.net/themes/wp/genz/wp-content/uploads/2023/03/logo-white.png]
[jthemes.net/themes/wp/genz/wp-content/uploads/2023/03/logo-dark.png]
[jthemes.net/themes/wp/genz/wp-content/plugins/contact-form-7/includes/swv/js/indexf2b4.js]
[jthemes.net/themes/wp/genz/wp-content/plugins/contact-form-7/includes/js/indexf2b4.js]
[jthemes.net/themes/wp/genz/category/music/index.html]
[jthemes.net/themes/wp/genz/wp-content/plugins/woocommerce/assets/js/jquery-blockui/jquery.blockUI.mina588.js]
[jthemes.net/themes/wp/genz/wp-content/plugins/woocommerce/assets/js/frontend/add-to-cart.min5125.js]
[jthemes.net/themes/wp/genz/wp-content/plugins/woocommerce/assets/js/js-cookie/js.cookie.min03f8.js]
[jthemes.net/themes/wp/genz/wp-content/plugins/woocommerce/assets/js/frontend/woocommerce.min5125.js]
[jthemes.net/themes/wp/genz/wp-content/themes/genz/assets/js/vendors/bootstrap.bundle.minbb49.js]
[jthemes.net/themes/wp/genz/wp-content/themes/genz/assets/js/vendors/waypointsf488.js]
[jthemes.net/themes/wp/genz/wp-content/themes/genz/assets/js/vendors/wowc358.js]
[jthemes.net/themes/wp/genz/wp-content/themes/genz/assets/js/vendors/text-typec358.js]
[jthemes.net/themes/wp/genz/wp-content/themes/genz/assets/js/vendors/swiper-bundle.min5b4c.js]
[jthemes.net/themes/wp/genz/wp-content/themes/genz/assets/js/vendors/jquery.progressScroll.min8a54.js]
[jthemes.net/themes/wp/genz/wp-content/themes/genz/assets/js/color-modes8a54.js]
[jthemes.net/themes/wp/genz/wp-includes/js/imagesloaded.minbb93.js]
[jthemes.net/themes/wp/genz/wp-includes/js/masonry.min3a05.js]
[jthemes.net/themes/wp/genz/wp-includes/js/jquery/jquery.masonry.minef70.js]
[jthemes.net/themes/wp/genz/wp-content/themes/genz/assets/js/maincb18.js]
[jthemes.net/themes/wp/genz/wp-content/plugins/control-email-subscriber/jquery.ajaxchimp.min6f3e.js]
[jthemes.net/themes/wp/genz/wp-content/plugins/control-email-subscriber/jquery.ajaxchimp.langs.min6f3e.js]
[jthemes.net/themes/wp/genz/wp-content/plugins/control-email-subscriber/scripts8a54.js]
[jthemes.net/themes/wp/genz/wp-content/plugins/elementor/assets/js/webpack.runtime.min5829.js]
[jthemes.net/themes/wp/genz/wp-content/plugins/elementor/assets/js/frontend-modules.min5829.js]
[jthemes.net/themes/wp/genz/wp-content/plugins/elementor/assets/lib/waypoints/waypoints.min05da.js]
[jthemes.net/themes/wp/genz/wp-includes/js/jquery/ui/core.minb37e.js]
[jthemes.net/themes/wp/genz/index.html]
[jthemes.net/themes/wp/genz/wp-includes/css/dist/block-library/style.minb6a4.css]
[jthemes.net/themes/wp/genz/wp-content/plugins/woocommerce/packages/woocommerce-blocks/build/wc-blocks-vendors-stylead26.css]
[jthemes.net/themes/wp/genz/wp-content/plugins/woocommerce/packages/woocommerce-blocks/build/wc-blocks-stylead26.css]
[jthemes.net/themes/wp/genz/wp-content/plugins/contact-form-7/includes/css/stylesf2b4.css]
[jthemes.net/themes/wp/genz/wp-content/themes/genz/assets/css/vendors/normalize5152.css]
[jthemes.net/themes/wp/genz/wp-content/plugins/elementor/assets/js/frontend.min5829.js]
[jthemes.net/themes/wp/genz/wp-content/themes/genz/assets/fonts/uicons/uicons-regular-rounded.eot]
[jthemes.net/themes/wp/genz/wp-content/themes/genz/assets/fonts/uicons/uicons-regular-rounded.woff2]
[jthemes.net/themes/wp/genz/wp-content/themes/genz/assets/fonts/uicons/uicons-regular-rounded.woff]
[jthemes.net/themes/wp/genz/wp-content/themes/genz/assets/css/vendors/uicons-regular-rounded5152.css]
[jthemes.net/themes/wp/genz/wp-content/themes/genz/assets/css/vendors/swiper-bundle.min6055.css]
[jthemes.net/themes/wp/genz/wp-content/themes/genz/assets/css/vendors/animate.min0235.css]
[jthemes.net/themes/wp/genz/wp-content/themes/genz/assets/css/vendors/bootstrap.min5152.css]
[jthemes.net/themes/wp/genz/wp-content/themes/genz/assets/fonts/star.eot]
[jthemes.net/themes/wp/genz/wp-content/themes/genz/assets/fonts/stard41d.eot]
[jthemes.net/themes/wp/genz/wp-content/themes/genz/assets/fonts/star.woff]
[jthemes.net/themes/wp/genz/wp-content/themes/genz/assets/fonts/star.ttf]
[jthemes.net/themes/wp/genz/wp-content/themes/genz/assets/fonts/WooCommerce.eot]
[jthemes.net/themes/wp/genz/wp-content/themes/genz/assets/fonts/WooCommerced41d.eot]
[jthemes.net/themes/wp/genz/wp-content/themes/genz/assets/fonts/WooCommerce.woff]
[jthemes.net/themes/wp/genz/wp-content/themes/genz/assets/fonts/WooCommerce.ttf]
[jthemes.net/themes/wp/genz/wp-content/themes/genz/assets/css/woocommercecb18.css]
[jthemes.net/themes/wp/genz/wp-content/themes/genz/assets/imgs/page/homepage1/bg-trans.png]
[jthemes.net/themes/wp/genz/wp-content/themes/genz/assets/imgs/page/homepage3/bg-trans.png]
[jthemes.net/themes/wp/genz/wp-content/themes/genz/assets/imgs/template/bg-top.png]
[jthemes.net/themes/wp/genz/wp-content/themes/genz/assets/imgs/skeleton/list-view2.png]
[jthemes.net/themes/wp/genz/wp-content/themes/genz/assets/imgs/skeleton/grig-view-lg.png]
[jthemes.net/themes/wp/genz/wp-content/themes/genz/assets/css/stylecb18.css]
[jthemes.net/themes/wp/genz/wp-content/themes/genz/assets/css/genzcb18.css]
[jthemes.net/themes/wp/genz/wp-content/themes/genz/styleb6a4.css]
[jthemes.net/themes/wp/genz/wp-content/themes/genz/assets/css/color-mode5152.css]
[jthemes.net/themes/wp/genz/wp-content/plugins/elementor/assets/lib/eicons/fonts/eicons66e9.eot]
[jthemes.net/themes/wp/genz/wp-content/plugins/elementor/assets/lib/eicons/fonts/eicons66e9.woff2]
[jthemes.net/themes/wp/genz/wp-content/plugins/elementor/assets/lib/eicons/fonts/eicons66e9.woff]
[jthemes.net/themes/wp/genz/wp-content/plugins/elementor/assets/lib/eicons/fonts/eicons66e9.ttf]
[jthemes.net/themes/wp/genz/wp-content/plugins/elementor/assets/lib/eicons/css/elementor-icons.mind618.css]
[jthemes.net/themes/wp/genz/wp-content/plugins/elementor/assets/css/frontend-lite.min5829.css]
[jthemes.net/themes/wp/genz/wp-content/plugins/elementor/assets/lib/swiper/css/swiper.min48f5.css]
[jthemes.net/themes/wp/genz/wp-content/uploads/elementor/css/post-79f92.css]
[jthemes.net/themes/wp/genz/wp-content/uploads/elementor/css/global9f92.css]
[jthemes.net/themes/wp/genz/wp-content/uploads/elementor/css/post-59f92.css]
[jthemes.net/themes/wp/genz/wp-content/plugins/control-block-patterns/assets/css/control-block-patterns1abb.css]
[jthemes.net/themes/wp/genz/wp-content/themes/genz/assets/imgs/template/favicon.svg]
[jthemes.net/themes/wp/genz/wp-content/themes/genz/assets/imgs/template/logo.svg]
[jthemes.net/themes/wp/genz/wp-content/themes/genz/assets/imgs/template/logo-dark.svg]
[jthemes.net/themes/wp/genz/wp-content/uploads/elementor/css/post-143cad5.css]
[jthemes.net/themes/wp/genz/wp-json/wp/v2/pages/143.json]
[jthemes.net/themes/wp/genz/wp-json/oembed/1.0/embed2cb3.json]
[jthemes.net/themes/wp/genz/wp-json/oembed/1.0/embed094e]
[jthemes.net/themes/wp/genz/wp-content/uploads/2023/02/news6.png]
[jthemes.net/themes/wp/genz/wp-content/uploads/2023/02/news5.png]
[jthemes.net/themes/wp/genz/wp-content/uploads/2023/02/news1.jpg]
[jthemes.net/themes/wp/genz/aenean-auctor-wisi-et-urna-aliquam-erat-copy-copy-copy-copy/index.html]
[jthemes.net/themes/wp/genz/wp-content/uploads/2023/02/news3-4.png]
[jthemes.net/themes/wp/genz/wp-content/uploads/2023/02/news3-2.png]
[jthemes.net/themes/wp/genz/home-version-2/index.html]
[jthemes.net/themes/wp/genz/home-version-2/page/2/index.html]
[jthemes.net/themes/wp/genz/home-version-2/page/3/index.html]
[jthemes.net/themes/wp/genz/wp-content/uploads/elementor/css/post-145e5bf.css]
[jthemes.net/themes/wp/genz/home-version-2/page/4/index.html]
[jthemes.net/themes/wp/genz/wp-json/wp/v2/pages/145.json]
[jthemes.net/themes/wp/genz/wp-json/oembed/1.0/embedacae.json]
[jthemes.net/themes/wp/genz/wp-json/oembed/1.0/embed3567]
[jthemes.net/themes/wp/genz/wp-content/themes/genz/assets/imgs/page/homepage3/banner-1.jpg]
[jthemes.net/themes/wp/genz/wp-content/themes/genz/assets/imgs/page/homepage3/banner-2.jpg]
[jthemes.net/themes/wp/genz/wp-content/uploads/2023/02/news4.png]
[jthemes.net/themes/wp/genz/aenean-auctor-wisi-et-urna-aliquam-erat-copy-copy-copy/index.html]
[jthemes.net/themes/wp/genz/wp-content/uploads/2023/02/news3-1.png]
[jthemes.net/themes/wp/genz/aenean-auctor-wisi-et-urna-aliquam-erat-copy-copy/index.html]
[jthemes.net/themes/wp/genz/wp-content/uploads/2023/02/news2.png]
[jthemes.net/themes/wp/genz/aenean-auctor-wisi-et-urna-aliquam-erat-copy/index.html]
[jthemes.net/themes/wp/genz/wp-content/uploads/2023/02/news1.png]
[jthemes.net/themes/wp/genz/wp-content/uploads/2023/02/news2-170x137.jpg]
[jthemes.net/themes/wp/genz/wp-content/uploads/2023/02/news1-170x137.jpg]
[jthemes.net/themes/wp/genz/wp-content/uploads/2023/02/news3-4-170x137.png]
[jthemes.net/themes/wp/genz/wp-content/uploads/2023/02/news3-2-170x137.png]
[jthemes.net/themes/wp/genz/wp-content/uploads/2023/02/news6-170x137.png]
[jthemes.net/themes/wp/genz/wp-content/uploads/2023/02/news5-170x137.png]
[jthemes.net/themes/wp/genz/home-version-3/index.html]
[jthemes.net/themes/wp/genz/wp-content/uploads/elementor/css/post-1474f57.css]
[jthemes.net/themes/wp/genz/wp-json/wp/v2/pages/147.json]
[jthemes.net/themes/wp/genz/wp-json/oembed/1.0/embedd4d2.json]
[jthemes.net/themes/wp/genz/wp-json/oembed/1.0/embed3b9a]
[jthemes.net/themes/wp/genz/wp-content/themes/genz/assets/imgs/page/homepage4/banner.png]
[jthemes.net/themes/wp/genz/wp-content/uploads/2023/02/news1-170x137.png]
[jthemes.net/themes/wp/genz/home-version-4/index.html]
[jthemes.net/themes/wp/genz/wp-content/uploads/elementor/css/post-300309b.css]
[jthemes.net/themes/wp/genz/wp-json/wp/v2/pages/300.json]
[jthemes.net/themes/wp/genz/wp-json/oembed/1.0/embed30b1.json]
[jthemes.net/themes/wp/genz/wp-json/oembed/1.0/embed53ab]
[jthemes.net/themes/wp/genz/wp-content/uploads/2023/02/img9-354x350.png]
[jthemes.net/themes/wp/genz/wp-content/uploads/2023/02/img8-354x350.png]
[jthemes.net/themes/wp/genz/wp-content/uploads/2023/02/img7-1-354x350.png]
[jthemes.net/themes/wp/genz/portfolio/flyer-design-2/index.html]
[jthemes.net/themes/wp/genz/portfolio/new-banner-design/index.html]
[jthemes.net/themes/wp/genz/wp-content/uploads/2023/02/img5-354x350.png]
[jthemes.net/themes/wp/genz/wp-content/uploads/2023/02/img7-354x350.png]
[jthemes.net/themes/wp/genz/wp-content/uploads/2023/02/img6-354x350.png]
[jthemes.net/themes/wp/genz/portfolio/genz-logo-design/index.html]
[jthemes.net/themes/wp/genz/portfolio/genz-animal-pattern/index.html]
[jthemes.net/themes/wp/genz/wp-content/themes/genz/assets/imgs/page/about/author.png]
[jthemes.net/themes/wp/genz/wp-content/themes/genz/assets/imgs/page/about/author2.png]
[jthemes.net/themes/wp/genz/wp-content/themes/genz/assets/imgs/page/about/author3.png]
[jthemes.net/themes/wp/genz/portfolio/genz-pattern-design/index.html]
[jthemes.net/themes/wp/genz/about/index.html]
[jthemes.net/themes/wp/genz/wp-content/uploads/elementor/css/post-3098e72.css]
[jthemes.net/themes/wp/genz/wp-json/wp/v2/pages/309.json]
[jthemes.net/themes/wp/genz/wp-json/oembed/1.0/embed12ba.json]
[jthemes.net/themes/wp/genz/wp-json/oembed/1.0/embed9557]
[jthemes.net/themes/wp/genz/projects/index.html]
[jthemes.net/themes/wp/genz/wp-content/uploads/elementor/css/post-517d6cf.css]
[jthemes.net/themes/wp/genz/wp-json/wp/v2/pages/517.json]
[jthemes.net/themes/wp/genz/wp-json/oembed/1.0/embedb86e.json]
[jthemes.net/themes/wp/genz/wp-json/oembed/1.0/embedc6a6]
[jthemes.net/themes/wp/genz/portfolio-style-2/index.html]
[jthemes.net/themes/wp/genz/wp-json/oembed/1.0/embedc0eb.json]
[jthemes.net/themes/wp/genz/portfolio/disk-cover/feed/index.html]
[jthemes.net/themes/wp/genz/wp-json/oembed/1.0/embedb06b]
[jthemes.net/themes/wp/genz/wp-content/uploads/2023/02/portfolio-1-1-1133x510.png]
[jthemes.net/themes/wp/genz/portfolio/index.html]
[jthemes.net/themes/wp/genz/wp-content/uploads/2023/02/portfolio-1-1133x510.png]
[jthemes.net/themes/wp/genz/wp-content/uploads/2023/02/img3-525x674.png]
[jthemes.net/themes/wp/genz/wp-content/uploads/2023/02/portfolio-2-1-525x314.png]
[jthemes.net/themes/wp/genz/wp-content/uploads/2023/02/portfolio-4-2.png]
[jthemes.net/themes/wp/genz/wp-includes/js/comment-reply.minb6a4.js]
[jthemes.net/themes/wp/genz/portfolio/disk-cover/index.html]
[jthemes.net/themes/wp/genz/wp-json/wp/v2/categories/15.json]
[jthemes.net/themes/wp/genz/wp-content/uploads/2023/02/news6-312x193.png]
[jthemes.net/themes/wp/genz/wp-content/uploads/2023/02/news5-312x193.png]
[jthemes.net/themes/wp/genz/category/travel-tips/feed/index.html]
[jthemes.net/themes/wp/genz/wp-content/uploads/2023/02/news2-501x282.jpg]
[jthemes.net/themes/wp/genz/category/travel-tips/index.html]
[jthemes.net/themes/wp/genz/wp-json/wp/v2/categories/21.json]
[jthemes.net/themes/wp/genz/category/lifestyle/index.html]
[jthemes.net/themes/wp/genz/category/lifestyle/feed/index.html]
[jthemes.net/themes/wp/genz/wp-json/wp/v2/categories/16.json]
[jthemes.net/themes/wp/genz/category/healthy/feed/index.html]
[jthemes.net/themes/wp/genz/wp-content/uploads/2023/02/news2-270x257.png]
[jthemes.net/themes/wp/genz/wp-content/uploads/2023/02/img6-270x257.jpg]
[jthemes.net/themes/wp/genz/category/healthy/index.html]
[jthemes.net/themes/wp/genz/category/design/feed/index.html]
[jthemes.net/themes/wp/genz/category/healthy/page/2/index.html]
[jthemes.net/themes/wp/genz/wp-json/wp/v2/categories/19.json]
[jthemes.net/themes/wp/genz/category/design/index.html]
[jthemes.net/themes/wp/genz/wp-json/wp/v2/categories/17.json]
[jthemes.net/themes/wp/genz/category/technology/index.html]
[jthemes.net/themes/wp/genz/are-you-ready-to-go-home-after-the-sunset-view/index.html]
[jthemes.net/themes/wp/genz/category/technology/feed/index.html]
[jthemes.net/themes/wp/genz/category/interviews/feed/index.html]
[jthemes.net/themes/wp/genz/wp-json/wp/v2/categories/18.json]
[jthemes.net/themes/wp/genz/category/interviews/index.html]
[jthemes.net/themes/wp/genz/category/technology/page/2/index.html]
[jthemes.net/themes/wp/genz/16-unheard-ways-to-achieve-greater-walker/index.html]
[jthemes.net/themes/wp/genz/wp-json/wp/v2/posts/73.json]
[jthemes.net/themes/wp/genz/self-observation-is-the-first-step-of-inner-unfolding-2/feed/index.html]
[jthemes.net/themes/wp/genz/wp-json/oembed/1.0/embedce9f.json]
[jthemes.net/themes/wp/genz/wp-json/oembed/1.0/embed38b4]
[jthemes.net/themes/wp/genz/wp-content/uploads/2023/02/img.jpg]
[jthemes.net/themes/wp/genz/wp-content/uploads/2023/02/cooper.png]
[jthemes.net/themes/wp/genz/wp-login9e7b.html]
[jthemes.net/themes/wp/genz/self-observation-is-the-first-step-of-inner-unfolding-2/index.html]
[jthemes.net/themes/wp/genz/wp-json/wp/v2/posts/68.json]
[jthemes.net/themes/wp/genz/self-observation-is-the-first-step-of-inner-unfolding/feed/index.html]
[jthemes.net/themes/wp/genz/wp-json/oembed/1.0/embed5b2d.json]
[jthemes.net/themes/wp/genz/wp-json/oembed/1.0/embed1a5a]
[jthemes.net/themes/wp/genz/wp-content/uploads/2023/02/katendoe.png]
[jthemes.net/themes/wp/genz/wp-login6cff.html]
[jthemes.net/themes/wp/genz/self-observation-is-the-first-step-of-inner-unfolding/index.html]
[jthemes.net/themes/wp/genz/self-observation-is-the-first-step-of-inner-unfolding-6/feed/index.html]
[jthemes.net/themes/wp/genz/wp-json/wp/v2/posts/69.json]
[jthemes.net/themes/wp/genz/wp-json/oembed/1.0/embed2d4e.json]
[jthemes.net/themes/wp/genz/wp-json/oembed/1.0/embed1358]
[jthemes.net/themes/wp/genz/wp-content/uploads/2023/02/img6.jpg]
[jthemes.net/themes/wp/genz/wp-login6570.html]
[jthemes.net/themes/wp/genz/self-observation-is-the-first-step-of-inner-unfolding-6/index.html]
[jthemes.net/themes/wp/genz/wp-content/uploads/elementor/css/post-149dd61.css]
[jthemes.net/themes/wp/genz/wp-json/wp/v2/pages/149.json]
[jthemes.net/themes/wp/genz/wp-json/oembed/1.0/embed59f9.json]
[jthemes.net/themes/wp/genz/wp-json/oembed/1.0/embed4b1c]
[jthemes.net/themes/wp/genz/contact/index.html]
[jthemes.net/themes/wp/genz/wp-content/uploads/2019/01/album-1.jpg]
[jthemes.net/themes/wp/genz/shop/feed/index.html]
[jthemes.net/themes/wp/genz/wp-content/uploads/2019/01/beanie-2.jpg]
[jthemes.net/themes/wp/genz/wp-content/uploads/2019/01/beanie-with-logo-1.jpg]
[jthemes.net/themes/wp/genz/shop/index9484.html]
[jthemes.net/themes/wp/genz/product/beanie/index.html]
[jthemes.net/themes/wp/genz/product/album/index.html]
[jthemes.net/themes/wp/genz/wp-content/uploads/2019/01/belt-2.jpg]
[jthemes.net/themes/wp/genz/shop/index8ee9.html]
[jthemes.net/themes/wp/genz/product/beanie-with-logo/index.html]
[jthemes.net/themes/wp/genz/shop/index6379.html]
[jthemes.net/themes/wp/genz/product/belt/index.html]
[jthemes.net/themes/wp/genz/wp-content/uploads/2019/01/cap-2.jpg]
[jthemes.net/themes/wp/genz/wp-content/uploads/2019/01/hoodie-2.jpg]
[jthemes.net/themes/wp/genz/shop/index5ecf.html]
[jthemes.net/themes/wp/genz/product/cap/index.html]
[jthemes.net/themes/wp/genz/shop/index0be2.html]
[jthemes.net/themes/wp/genz/product/hoodie/index.html]
[jthemes.net/themes/wp/genz/wp-content/uploads/2019/01/hoodie-with-logo-2.12c.delayed]
[jthemes.net/themes/wp/genz/wp-content/uploads/2019/01/hoodie-with-zipper-2.12d.delayed]
[jthemes.net/themes/wp/genz/product/hoodie-with-logo/index.html]
[jthemes.net/themes/wp/genz/product/hoodie-with-zipper/index.html]
[jthemes.net/themes/wp/genz/wp-content/uploads/2019/01/logo-1.jpg]
[jthemes.net/themes/wp/genz/shop/indexe553.html]
[jthemes.net/themes/wp/genz/wp-content/uploads/2019/01/long-sleeve-tee-2.jpg]
[jthemes.net/themes/wp/genz/product/logo-collection/index.html]
[jthemes.net/themes/wp/genz/shop/indexfb6f.html]
[jthemes.net/themes/wp/genz/wp-content/uploads/2019/01/polo-2.jpg]
[jthemes.net/themes/wp/genz/product/long-sleeve-tee/index.html]
[jthemes.net/themes/wp/genz/wp-content/uploads/2019/01/single-1.jpg]
[jthemes.net/themes/wp/genz/shop/index.html]
[jthemes.net/themes/wp/genz/shop/index75bc.html]
[jthemes.net/themes/wp/genz/product/polo/index.html]
[jthemes.net/themes/wp/genz/shop/indexf09d.html]
[jthemes.net/themes/wp/genz/product/single/index.html]
[jthemes.net/themes/wp/genz/wp-json/wp/v2/tags/5.json]
[jthemes.net/themes/wp/genz/shop/index945b.html]
[jthemes.net/themes/wp/genz/shop/page/2/index.html]
[jthemes.net/themes/wp/genz/tag/lifestyle/feed/index.html]
[jthemes.net/themes/wp/genz/wp-content/uploads/2023/02/news1-501x282.jpg]
[jthemes.net/themes/wp/genz/wp-content/uploads/2023/02/news3-4-312x193.png]
[jthemes.net/themes/wp/genz/wp-content/uploads/2023/02/news3-2-312x193.png]
[jthemes.net/themes/wp/genz/tag/lifestyle/index.html]
[jthemes.net/themes/wp/genz/tag/lifestyle/page/2/index.html]
[jthemes.net/themes/wp/genz/wp-json/wp/v2/tags/3.json]
[jthemes.net/themes/wp/genz/tag/lifestyle/page/4/index.html]
[jthemes.net/themes/wp/genz/tag/lifestyle/page/3/index.html]
[jthemes.net/themes/wp/genz/tag/travel/feed/index.html]
[jthemes.net/themes/wp/genz/wp-content/uploads/2023/02/news3-1-312x193.png]
[jthemes.net/themes/wp/genz/tag/travel/index.html]
[jthemes.net/themes/wp/genz/tag/space/feed/index.html]
[jthemes.net/themes/wp/genz/wp-json/wp/v2/tags/8.json]
[jthemes.net/themes/wp/genz/tag/travel/page/2/index.html]
[jthemes.net/themes/wp/genz/tag/travel/page/3/index.html]
[jthemes.net/themes/wp/genz/wp-content/uploads/2023/02/news3-2-501x282.png]
[jthemes.net/themes/wp/genz/wp-content/uploads/2023/02/news6-501x282.png]
[jthemes.net/themes/wp/genz/wp-content/uploads/2023/02/news4-312x193.png]
[jthemes.net/themes/wp/genz/wp-content/uploads/2023/02/news2-312x193.png]
[jthemes.net/themes/wp/genz/tag/space/index.html]
[jthemes.net/themes/wp/genz/tag/business/feed/index.html]
[jthemes.net/themes/wp/genz/wp-json/wp/v2/tags/14.json]
[jthemes.net/themes/wp/genz/tag/business/index.html]
[jthemes.net/themes/wp/genz/tag/space/page/2/index.html]
[jthemes.net/themes/wp/genz/wp-json/wp/v2/tags/7.json]
[jthemes.net/themes/wp/genz/tag/food/index.html]
[jthemes.net/themes/wp/genz/tag/food/feed/index.html]
[jthemes.net/themes/wp/genz/wp-content/themes/genz/assets/imgs/template/pattern-1.svg]
[jthemes.net/themes/wp/genz/wp-content/themes/genz/assets/imgs/template/pattern-2.svg]
[jthemes.net/themes/wp/genz/wp-content/themes/genz/assets/imgs/template/pattern-3.svg]
[jthemes.net/themes/wp/genz/wp-content/themes/genz/assets/imgs/template/pattern-4.svg]
[jthemes.net/themes/wp/genz/tag/business/page/2/index.html]
[jthemes.net/themes/wp/genz/tag/food/page/2/index.html]
[jthemes.net/themes/wp/genz/category/movie/feed/index.html]
[jthemes.net/themes/wp/genz/wp-json/wp/v2/categories/20.json]
[jthemes.net/themes/wp/genz/category/movie/index.html]
[jthemes.net/themes/wp/genz/wp-json/wp/v2/categories/22.json]
[jthemes.net/themes/wp/genz/category/sports/index.html]
[jthemes.net/themes/wp/genz/category/sports/feed/index.html]
[jthemes.net/themes/wp/genz/self-observation-is-the-first-step-of-inner-unfolding-5/feed/index.html]
[jthemes.net/themes/wp/genz/wp-json/wp/v2/posts/70.json]
[jthemes.net/themes/wp/genz/wp-json/oembed/1.0/embed1601.json]
[jthemes.net/themes/wp/genz/wp-json/oembed/1.0/embed2946]
[jthemes.net/themes/wp/genz/wp-logind854.html]
[jthemes.net/themes/wp/genz/self-observation-is-the-first-step-of-inner-unfolding-5/index.html]
[jthemes.net/themes/wp/genz/wp-json/wp/v2/tags/11.json]
[jthemes.net/themes/wp/genz/tag/interior/feed/index.html]
[jthemes.net/themes/wp/genz/wp-content/uploads/2023/02/news5-501x282.png]
[jthemes.net/themes/wp/genz/wp-content/uploads/2023/02/img6-312x193.jpg]
[jthemes.net/themes/wp/genz/wp-content/uploads/2023/02/news2-312x193.jpg]
[jthemes.net/themes/wp/genz/tag/interior/index.html]
[jthemes.net/themes/wp/genz/wp-json/wp/v2/tags/13.json]
[jthemes.net/themes/wp/genz/tag/nature/index.html]
[jthemes.net/themes/wp/genz/tag/interior/page/2/index.html]
[jthemes.net/themes/wp/genz/wp-json/wp/v2/tags/12.json]
[jthemes.net/themes/wp/genz/tag/plant/index.html]
[jthemes.net/themes/wp/genz/tag/nature/feed/index.html]
[jthemes.net/themes/wp/genz/tag/plant/feed/index.html]
[jthemes.net/themes/wp/genz/tag/plant/page/2/index.html]
[jthemes.net/themes/wp/genz/wp-json/wp/v2/users/1.json]
[jthemes.net/themes/wp/genz/author/genzadmin/index.html]
[jthemes.net/themes/wp/genz/author/genzadmin/feed/index.html]
[jthemes.net/themes/wp/genz/author/genzadmin/page/2/index.html]
[jthemes.net/themes/wp/genz/wp-json/wp/v2/posts/65.json]
[jthemes.net/themes/wp/genz/author/genzadmin/page/3/index.html]
[jthemes.net/themes/wp/genz/author/genzadmin/page/4/index.html]
[jthemes.net/themes/wp/genz/self-observation-is-the-first-step-of-inner-unfolding-4/feed/index.html]
[jthemes.net/themes/wp/genz/wp-json/oembed/1.0/embed9b86.json]
[jthemes.net/themes/wp/genz/wp-json/oembed/1.0/embede084]
[jthemes.net/themes/wp/genz/wp-logine5d5.html]
[jthemes.net/themes/wp/genz/self-observation-is-the-first-step-of-inner-unfolding-4/index.html]
[jthemes.net/themes/wp/genz/wp-json/wp/v2/tags/9.json]
[jthemes.net/themes/wp/genz/tag/animal/index.html]
[jthemes.net/themes/wp/genz/tag/animal/feed/index.html]
[jthemes.net/themes/wp/genz/wp-json/wp/v2/posts/67.json]
[jthemes.net/themes/wp/genz/tag/animal/page/2/index.html]
[jthemes.net/themes/wp/genz/self-observation-is-the-first-step-of-inner-unfolding-3/feed/index.html]
[jthemes.net/themes/wp/genz/wp-json/oembed/1.0/embed0ef3.json]
[jthemes.net/themes/wp/genz/wp-json/oembed/1.0/embed1b3c]
[jthemes.net/themes/wp/genz/wp-login4f10.html]
[jthemes.net/themes/wp/genz/self-observation-is-the-first-step-of-inner-unfolding-3/index.html]
[jthemes.net/themes/wp/genz/wp-json/wp/v2/tags/4.json]
[jthemes.net/themes/wp/genz/tag/culture/index.html]
[jthemes.net/themes/wp/genz/tag/culture/feed/index.html]
[jthemes.net/themes/wp/genz/tag/fashion/feed/index.html]
[jthemes.net/themes/wp/genz/wp-json/wp/v2/tags/6.json]
[jthemes.net/themes/wp/genz/tag/culture/page/2/index.html]
[jthemes.net/themes/wp/genz/wp-content/uploads/2023/02/news1-312x193.png]
[jthemes.net/themes/wp/genz/tag/fashion/index.html]
[jthemes.net/themes/wp/genz/wp-json/wp/v2/posts/64.json]
[jthemes.net/themes/wp/genz/tag/fashion/page/2/index.html]
[jthemes.net/themes/wp/genz/wp-json/oembed/1.0/embed31fa.json]
[jthemes.net/themes/wp/genz/unique-architectural-designs-but-not-lacking-in-solid-structure/feed/index.html]
[jthemes.net/themes/wp/genz/wp-json/oembed/1.0/embed74f6]
[jthemes.net/themes/wp/genz/wp-loginb351.html]
[jthemes.net/themes/wp/genz/unique-architectural-designs-but-not-lacking-in-solid-structure/index.html]
[jthemes.net/themes/wp/genz/wp-json/wp/v2/posts/52.json]
[jthemes.net/themes/wp/genz/self-observation-is-the-first-step-of-inner-unfolding-7/feed/index.html]
[jthemes.net/themes/wp/genz/wp-json/oembed/1.0/embeda969.json]
[jthemes.net/themes/wp/genz/wp-json/oembed/1.0/embed2285]
[jthemes.net/themes/wp/genz/wp-logind49f.html]
[jthemes.net/themes/wp/genz/self-observation-is-the-first-step-of-inner-unfolding-7/index.html]
[jthemes.net/themes/wp/genz/wp-json/wp/v2/posts/412.json]
[jthemes.net/themes/wp/genz/aenean-auctor-wisi-et-urna-aliquam-erat/feed/index.html]
[jthemes.net/themes/wp/genz/wp-json/oembed/1.0/embeda5f7.json]
[jthemes.net/themes/wp/genz/wp-json/oembed/1.0/embed0fc2]
[jthemes.net/themes/wp/genz/wp-content/uploads/2023/02/news3-1024x591.png]
[jthemes.net/themes/wp/genz/wp-content/uploads/2023/02/img3-2.jpg]
[jthemes.net/themes/wp/genz/wp-content/uploads/2023/02/img4.jpg]
[jthemes.net/themes/wp/genz/wp-content/uploads/2023/02/img5.jpg]
[jthemes.net/themes/wp/genz/wp-login0310.html]
[jthemes.net/themes/wp/genz/aenean-auctor-wisi-et-urna-aliquam-erat/index.html]
[jthemes.net/themes/wp/genz/self-observation-is-the-first-step-of-inner-unfolding-9/feed/index.html]
[jthemes.net/themes/wp/genz/wp-json/wp/v2/posts/72.json]
[jthemes.net/themes/wp/genz/wp-json/oembed/1.0/embed741a.json]
[jthemes.net/themes/wp/genz/wp-json/oembed/1.0/embed212b]
[jthemes.net/themes/wp/genz/wp-login8360.html]
[jthemes.net/themes/wp/genz/self-observation-is-the-first-step-of-inner-unfolding-9/index.html]
[jthemes.net/themes/wp/genz/self-observation-is-the-first-step-of-inner-unfolding-8/feed/index.html]
[jthemes.net/themes/wp/genz/wp-json/wp/v2/posts/71.json]
[jthemes.net/themes/wp/genz/wp-json/oembed/1.0/embed2e61.json]
[jthemes.net/themes/wp/genz/wp-json/oembed/1.0/embed7e03]
[jthemes.net/themes/wp/genz/wp-login8c31.html]
[jthemes.net/themes/wp/genz/self-observation-is-the-first-step-of-inner-unfolding-8/index.html]
[jthemes.net/themes/wp/genz/wp-json/wp/v2/posts/485.json]
[jthemes.net/themes/wp/genz/aenean-auctor-wisi-et-urna-aliquam-erat-copy-copy-2/feed/index.html]
[jthemes.net/themes/wp/genz/wp-json/oembed/1.0/embedaf22.json]
[jthemes.net/themes/wp/genz/wp-json/oembed/1.0/embed5e88]
[jthemes.net/themes/wp/genz/wp-login2cb5.html]
[jthemes.net/themes/wp/genz/aenean-auctor-wisi-et-urna-aliquam-erat-copy-copy-2/index.html]
[jthemes.net/themes/wp/genz/wp-json/wp/v2/posts/433.json]
[jthemes.net/themes/wp/genz/why-are-there-so-many-norwegians-in-north-dakota/feed/index.html]
[jthemes.net/themes/wp/genz/wp-json/oembed/1.0/embed48cf.json]
[jthemes.net/themes/wp/genz/wp-json/oembed/1.0/embed4248]
[jthemes.net/themes/wp/genz/wp-logind0de.html]
[jthemes.net/themes/wp/genz/why-are-there-so-many-norwegians-in-north-dakota/index.html]
[jthemes.net/themes/wp/genz/page/2/index.html]
[jthemes.net/themes/wp/genz/page/3/index.html]
[jthemes.net/themes/wp/genz/page/4/index.html]
[jthemes.net/themes/wp/genz/category/music/feed/index.html]
[jthemes.net/themes/wp/genz/wp-json/wp/v2/categories/1.json]
[jthemes.net/themes/wp/genz/category/music/index.html]
[jthemes.net/themes/wp/genz/wp-content/themes/genz/assets/fonts/star.svg]
[jthemes.net/themes/wp/genz/wp-content/themes/genz/assets/fonts/WooCommerce.svg]
[jthemes.net/themes/wp/genz/wp-content/themes/genz/assets/imgs/page/homepage1/clock.svg]
[jthemes.net/themes/wp/genz/wp-content/themes/genz/assets/imgs/template/icons/post-type.svg]
[jthemes.net/themes/wp/genz/wp-content/themes/genz/assets/imgs/template/icons/post-audio.svg]
[jthemes.net/themes/wp/genz/wp-content/themes/genz/assets/imgs/template/icons/post-image.svg]
[jthemes.net/themes/wp/genz/wp-content/themes/genz/assets/imgs/page/contact/headset.svg]
[jthemes.net/themes/wp/genz/wp-content/themes/genz/assets/imgs/page/contact/marker.svg]
[jthemes.net/themes/wp/genz/wp-content/themes/genz/assets/imgs/page/contact/paper-plane.svg]
[jthemes.net/themes/wp/genz/wp-content/themes/genz/assets/imgs/template/icons/icon-search.svg]
[jthemes.net/themes/wp/genz/wp-content/themes/genz/assets/imgs/page/shop/tick.html]
[jthemes.net/themes/wp/genz/wp-content/themes/genz/assets/imgs/page/product/checked.html]
[jthemes.net/themes/wp/genz/wp-content/themes/genz/assets/imgs/template/icons/user.svg]
[jthemes.net/themes/wp/genz/wp-content/themes/genz/assets/imgs/template/icons/email.svg]
[jthemes.net/themes/wp/genz/wp-content/themes/genz/assets/imgs/slider/swiper/next.svg]
[jthemes.net/themes/wp/genz/wp-content/themes/genz/assets/imgs/slider/swiper/next-active.svg]
[jthemes.net/themes/wp/genz/wp-content/themes/genz/assets/imgs/slider/swiper/prev.svg]
[jthemes.net/themes/wp/genz/wp-content/themes/genz/assets/imgs/slider/swiper/prev-active.svg]
[jthemes.net/themes/wp/genz/wp-content/themes/genz/assets/imgs/slider/swiper/dot.html]
[jthemes.net/themes/wp/genz/wp-content/themes/genz/assets/imgs/slider/swiper/dot-active.html]
[jthemes.net/themes/wp/genz/wp-content/themes/genz/assets/imgs/page/about/shadow-1.svg]
[jthemes.net/themes/wp/genz/wp-content/themes/genz/assets/imgs/page/about/quote.svg]
[jthemes.net/themes/wp/genz/wp-content/themes/genz/assets/imgs/template/bg-newsletter.html]
[jthemes.net/themes/wp/genz/wp-content/themes/genz/assets/imgs/template/arrow-down.html]
[jthemes.net/themes/wp/genz/wp-content/themes/genz/assets/imgs/template/account.html]
[jthemes.net/themes/wp/genz/wp-content/themes/genz/assets/imgs/template/wishlist.html]
[jthemes.net/themes/wp/genz/wp-content/themes/genz/assets/imgs/template/cart.html]
[jthemes.net/themes/wp/genz/wp-content/themes/genz/assets/imgs/template/compare.html]
[jthemes.net/themes/wp/genz/wp-content/themes/genz/assets/imgs/template/icons/icon-menu.svg]
[jthemes.net/themes/wp/genz/wp-content/themes/genz/assets/imgs/template/icons/icon-menu-hover.svg]
[jthemes.net/themes/wp/genz/wp-content/themes/genz/assets/imgs/template/icons/mode.svg]
[jthemes.net/themes/wp/genz/wp-content/themes/genz/assets/imgs/page/homepage4/angle-down.html]
[jthemes.net/themes/wp/genz/wp-content/themes/genz/assets/imgs/page/homepage4/discount.html]
[jthemes.net/themes/wp/genz/wp-content/themes/genz/assets/imgs/page/homepage4/arrow-down.html]
[jthemes.net/themes/wp/genz/wp-content/themes/genz/assets/imgs/template/icons/right-arrow.svg]
[jthemes.net/themes/wp/genz/wp-content/themes/genz/assets/imgs/template/icons/home.svg]
[jthemes.net/themes/wp/genz/wp-content/themes/genz/assets/imgs/template/open.html]
[jthemes.net/themes/wp/genz/wp-content/themes/genz/assets/imgs/template/icons/arrow-gray.html]
[jthemes.net/themes/wp/genz/wp-content/themes/genz/assets/imgs/template/icons/arrow-gray-hover.html]
[jthemes.net/themes/wp/genz/wp-content/themes/genz/assets/imgs/template/icons/tw.svg]
[jthemes.net/themes/wp/genz/wp-content/themes/genz/assets/imgs/template/icons/tw-hover.svg]
[jthemes.net/themes/wp/genz/wp-content/themes/genz/assets/imgs/template/icons/insta.svg]
[jthemes.net/themes/wp/genz/wp-content/themes/genz/assets/imgs/template/icons/insta-hover.svg]
[jthemes.net/themes/wp/genz/wp-content/themes/genz/assets/imgs/template/icons/linked.svg]
[jthemes.net/themes/wp/genz/wp-content/themes/genz/assets/imgs/template/icons/linked-hover.svg]
[jthemes.net/themes/wp/genz/wp-content/themes/genz/assets/imgs/template/shadow-2.svg]
[jthemes.net/themes/wp/genz/wp-content/themes/genz/assets/imgs/template/shadow-1.svg]
[jthemes.net/themes/wp/genz/wp-content/themes/genz/assets/imgs/template/shadow-3.svg]
[jthemes.net/themes/wp/genz/wp-content/themes/genz/assets/imgs/page/homepage3/shadow-1.svg]
[jthemes.net/themes/wp/genz/wp-content/themes/genz/assets/imgs/page/homepage3/fb.svg]
[jthemes.net/themes/wp/genz/wp-content/themes/genz/assets/imgs/page/homepage3/inst.svg]
[jthemes.net/themes/wp/genz/wp-content/themes/genz/assets/imgs/page/homepage3/snap.svg]
[jthemes.net/themes/wp/genz/wp-content/themes/genz/assets/imgs/page/homepage3/tw.svg]
[jthemes.net/themes/wp/genz/wp-content/themes/genz/assets/imgs/template/icons/calendar.svg]
[jthemes.net/themes/wp/genz/wp-content/themes/genz/assets/imgs/page/login/security.svg]
[jthemes.net/themes/wp/genz/wp-content/themes/genz/assets/imgs/page/login/gmail.svg]
[jthemes.net/themes/wp/genz/wp-content/themes/genz/assets/imgs/page/login/view.svg]
[jthemes.net/themes/wp/genz/wp-content/themes/genz/assets/imgs/page/404/shadow-1.svg]
[jthemes.net/themes/wp/genz/wp-content/themes/genz/assets/imgs/page/about/motion.svg]
[jthemes.net/themes/wp/genz/wp-content/themes/genz/assets/imgs/page/about/ui.svg]
[jthemes.net/themes/wp/genz/wp-content/themes/genz/assets/imgs/page/about/branding.svg]
[jthemes.net/themes/wp/genz/wp-content/themes/genz/assets/imgs/page/about/product.svg]
[jthemes.net/themes/wp/genz/wp-content/themes/genz/assets/imgs/page/about/key.svg]
[jthemes.net/themes/wp/genz/wp-content/themes/genz/assets/imgs/page/about/social.svg]
[jthemes.net/themes/wp/genz/wp-content/themes/genz/assets/imgs/page/about/checked.svg]
[jthemes.net/themes/wp/genz/wp-content/themes/genz/assets/imgs/page/about/open.svg]
[jthemes.net/themes/wp/genz/wp-content/themes/genz/assets/imgs/page/about/close.svg]
[jthemes.net/themes/wp/genz/wp-content/themes/genz/assets/imgs/page/single/fb.svg]
[jthemes.net/themes/wp/genz/wp-content/themes/genz/assets/imgs/page/single/tw.svg]
[jthemes.net/themes/wp/genz/wp-content/themes/genz/assets/imgs/page/single/pi.svg]
[jthemes.net/themes/wp/genz/wp-content/themes/genz/assets/imgs/page/single/linkedin.svg]
[jthemes.net/themes/wp/genz/wp-content/themes/genz/assets/imgs/page/single/left-quote.svg]
[jthemes.net/themes/wp/genz/wp-content/themes/genz/assets/imgs/day.svg]
[jthemes.net/themes/wp/genz/wp-content/themes/genz/assets/imgs/night.svg]
[jthemes.net/themes/wp/genz/wp-content/plugins/elementor/assets/lib/eicons/fonts/eicons66e9.svg]
[jthemes.net/themes/wp/genz/wp-content/uploads/elementor/css/post-143cad5.css]
[jthemes.net/themes/wp/genz/indexdc22.html]
[jthemes.net/themes/wp/genz/aenean-auctor-wisi-et-urna-aliquam-erat-copy-copy-copy-copy/feed/index.html]
[jthemes.net/themes/wp/genz/wp-json/wp/v2/posts/430.json]
[jthemes.net/themes/wp/genz/wp-json/oembed/1.0/embeded0f.json]
[jthemes.net/themes/wp/genz/wp-json/oembed/1.0/embed2bce]
[jthemes.net/themes/wp/genz/wp-logina775.html]
[jthemes.net/themes/wp/genz/aenean-auctor-wisi-et-urna-aliquam-erat-copy-copy-copy-copy/index.html]
[jthemes.net/themes/wp/genz/home-version-2/page/2/index.html]
[jthemes.net/themes/wp/genz/home-version-2/page/3/index.html]
[jthemes.net/themes/wp/genz/home-version-2/page/4/index.html]
[jthemes.net/themes/wp/genz/wp-content/uploads/elementor/css/post-145e5bf.css]
[jthemes.net/themes/wp/genz/indexbe3b.html]
[jthemes.net/themes/wp/genz/why-are-there-so-many-norwegians-in-north-dakota/E.html]
[jthemes.net/themes/wp/genz/aenean-auctor-wisi-et-urna-aliquam-erat-copy-copy-copy-copy/E.html]
[jthemes.net/themes/wp/genz/aenean-auctor-wisi-et-urna-aliquam-erat-copy-copy-copy/feed/index.html]
[jthemes.net/themes/wp/genz/wp-json/wp/v2/posts/427.json]
[jthemes.net/themes/wp/genz/wp-json/oembed/1.0/embed602f.json]
[jthemes.net/themes/wp/genz/wp-json/oembed/1.0/embed8c17]
[jthemes.net/themes/wp/genz/wp-loginc63a.html]
[jthemes.net/themes/wp/genz/aenean-auctor-wisi-et-urna-aliquam-erat-copy-copy-copy/index.html]
[jthemes.net/themes/wp/genz/aenean-auctor-wisi-et-urna-aliquam-erat-copy-copy-copy/E.html]
[jthemes.net/themes/wp/genz/aenean-auctor-wisi-et-urna-aliquam-erat-copy-copy/feed/index.html]
[jthemes.net/themes/wp/genz/wp-json/wp/v2/posts/423.json]
[jthemes.net/themes/wp/genz/wp-json/oembed/1.0/embed4e95.json]
[jthemes.net/themes/wp/genz/wp-json/oembed/1.0/embed241c]
[jthemes.net/themes/wp/genz/wp-login276a.html]
[jthemes.net/themes/wp/genz/aenean-auctor-wisi-et-urna-aliquam-erat-copy-copy/index.html]
[jthemes.net/themes/wp/genz/aenean-auctor-wisi-et-urna-aliquam-erat-copy-copy/E.html]
[jthemes.net/themes/wp/genz/wp-json/wp/v2/posts/420.json]
[jthemes.net/themes/wp/genz/aenean-auctor-wisi-et-urna-aliquam-erat-copy/feed/index.html]
[jthemes.net/themes/wp/genz/wp-json/oembed/1.0/embedc2a6.json]
[jthemes.net/themes/wp/genz/wp-json/oembed/1.0/embedc3b8]
[jthemes.net/themes/wp/genz/wp-login0343.html]
[jthemes.net/themes/wp/genz/aenean-auctor-wisi-et-urna-aliquam-erat-copy/index.html]
[jthemes.net/themes/wp/genz/aenean-auctor-wisi-et-urna-aliquam-erat-copy/E.html]
[jthemes.net/themes/wp/genz/aenean-auctor-wisi-et-urna-aliquam-erat/E.html]
[jthemes.net/themes/wp/genz/wp-content/themes/genz/assets/imgs/page/homepage3/agon.svg]
[jthemes.net/themes/wp/genz/wp-content/themes/genz/assets/imgs/page/homepage3/mon.svg]
[jthemes.net/themes/wp/genz/wp-content/themes/genz/assets/imgs/page/homepage3/fig.svg]
[jthemes.net/themes/wp/genz/wp-content/themes/genz/assets/imgs/page/homepage3/flow.svg]
[jthemes.net/themes/wp/genz/wp-content/themes/genz/assets/imgs/page/homepage3/evara.svg]
[jthemes.net/themes/wp/genz/wp-content/uploads/elementor/css/post-1474f57.css]
[jthemes.net/themes/wp/genz/index2fa7.html]
[jthemes.net/themes/wp/genz/wp-content/uploads/elementor/css/post-300309b.css]
[jthemes.net/themes/wp/genz/index65a9.html]
[jthemes.net/themes/wp/genz/wp-json/oembed/1.0/embed1015.json]
[jthemes.net/themes/wp/genz/portfolio/new-banner-design/feed/index.html]
[jthemes.net/themes/wp/genz/wp-json/oembed/1.0/embed5c1f]
[jthemes.net/themes/wp/genz/wp-content/uploads/2023/02/portfolio-4-1.png]
[jthemes.net/themes/wp/genz/portfolio/new-banner-design/index.html]
[jthemes.net/themes/wp/genz/portfolio/flyer-design-2/feed/index.html]
[jthemes.net/themes/wp/genz/wp-json/oembed/1.0/embedc341.json]
[jthemes.net/themes/wp/genz/wp-json/oembed/1.0/embedfb2d]
[jthemes.net/themes/wp/genz/wp-content/uploads/2023/02/news3-2-1133x510.png]
[jthemes.net/themes/wp/genz/wp-content/uploads/2023/02/img2-1116x510.png]
[jthemes.net/themes/wp/genz/portfolio/flyer-design-2/index.html]
[jthemes.net/themes/wp/genz/wp-json/oembed/1.0/embedeacd.json]
[jthemes.net/themes/wp/genz/portfolio/genz-logo-design/feed/index.html]
[jthemes.net/themes/wp/genz/wp-json/oembed/1.0/embede3a6]
[jthemes.net/themes/wp/genz/wp-content/uploads/2023/02/portfolio-3-1.png]
[jthemes.net/themes/wp/genz/portfolio/genz-logo-design/index.html]
[jthemes.net/themes/wp/genz/portfolio/genz-animal-pattern/feed/index.html]
[jthemes.net/themes/wp/genz/wp-json/oembed/1.0/embed0cfd.json]
[jthemes.net/themes/wp/genz/wp-json/oembed/1.0/embede9ab]
[jthemes.net/themes/wp/genz/wp-content/uploads/2023/02/img2-597x314.png]
[jthemes.net/themes/wp/genz/wp-content/uploads/2023/02/portfolio-4.png]
[jthemes.net/themes/wp/genz/portfolio/genz-animal-pattern/index.html]
[jthemes.net/themes/wp/genz/wp-json/oembed/1.0/embed1646.json]
[jthemes.net/themes/wp/genz/portfolio/genz-pattern-design/feed/index.html]
[jthemes.net/themes/wp/genz/wp-json/oembed/1.0/embed757b]
[jthemes.net/themes/wp/genz/wp-content/uploads/2023/02/portfolio-4-1-525x314.png]
[jthemes.net/themes/wp/genz/wp-content/uploads/2023/02/portfolio-1-597x314.png]
[jthemes.net/themes/wp/genz/wp-content/uploads/2023/02/portfolio-1-1-597x314.png]
[jthemes.net/themes/wp/genz/portfolio/genz-pattern-design/index.html]
[jthemes.net/themes/wp/genz/wp-content/themes/genz/assets/imgs/page/about/author1.html]
[jthemes.net/themes/wp/genz/wp-content/uploads/elementor/css/post-3098e72.css]
[jthemes.net/themes/wp/genz/indexef92.html]
[jthemes.net/themes/wp/genz/wp-content/uploads/elementor/css/post-517d6cf.css]
[jthemes.net/themes/wp/genz/index728e.html]
[jthemes.net/themes/wp/genz/index9a9b.html]
[jthemes.net/themes/wp/genz/portfolio/index.html]
[jthemes.net/themes/wp/genz/portfolio/skill/beauty/index.html]
[jthemes.net/themes/wp/genz/portfolio/page/2/index.html]
[jthemes.net/themes/wp/genz/portfolio/skill/bootstrap/index.html]
[jthemes.net/themes/wp/genz/portfolio/skill/development/index.html]
[jthemes.net/themes/wp/genz/portfolio/skill/portfolio/index.html]
[jthemes.net/themes/wp/genz/portfolio/skill/reactjs/index.html]
[jthemes.net/themes/wp/genz/portfolio/skill/travell/index.html]
[jthemes.net/themes/wp/genz/portfolio/skill/wordpress/index.html]
[jthemes.net/themes/wp/genz/portfolio/category/graphic-design/index.html]
[jthemes.net/themes/wp/genz/portfolio/category/mobile-app/index.html]
[jthemes.net/themes/wp/genz/portfolio/category/motion/index.html]
[jthemes.net/themes/wp/genz/category/healthy/page/2/index.html]
[jthemes.net/themes/wp/genz/portfolio/feed/index.html]
[jthemes.net/themes/wp/genz/wp-json/wp/v2/posts/63.json]
[jthemes.net/themes/wp/genz/are-you-ready-to-go-home-after-the-sunset-view/feed/index.html]
[jthemes.net/themes/wp/genz/wp-json/oembed/1.0/embed9289.json]
[jthemes.net/themes/wp/genz/wp-json/oembed/1.0/embedbb50]
[jthemes.net/themes/wp/genz/wp-logina7b2.html]
[jthemes.net/themes/wp/genz/are-you-ready-to-go-home-after-the-sunset-view/index.html]
[jthemes.net/themes/wp/genz/wp-json/wp/v2/posts/66.json]
[jthemes.net/themes/wp/genz/16-unheard-ways-to-achieve-greater-walker/feed/index.html]
[jthemes.net/themes/wp/genz/wp-json/oembed/1.0/embed1fa7.json]
[jthemes.net/themes/wp/genz/wp-json/oembed/1.0/embedf1c9]
[jthemes.net/themes/wp/genz/wp-login8cf0.html]
[jthemes.net/themes/wp/genz/16-unheard-ways-to-achieve-greater-walker/index.html]
[jthemes.net/themes/wp/genz/category/technology/page/2/index.html]
[jthemes.net/themes/wp/genz/index8cae.html]
[jthemes.net/themes/wp/genz/wp-includes/css/dashicons.minb6a4.css]
[jthemes.net/themes/wp/genz/wp-includes/css/buttons.minb6a4.css]
[jthemes.net/themes/wp/genz/wp-admin/css/forms.minb6a4.css]
[jthemes.net/themes/wp/genz/wp-admin/css/l10n.minb6a4.css]
[jthemes.net/themes/wp/genz/wp-admin/css/login.minb6a4.css]
[jthemes.net/themes/wp/genz/wp-includes/js/zxcvbn-async.min5152.js]
[jthemes.net/themes/wp/genz/wp-includes/js/dist/i18n.minc33c.js]
[jthemes.net/themes/wp/genz/wp-admin/js/password-strength-meter.minb6a4.js]
[jthemes.net/themes/wp/genz/wp-includes/js/underscore.mind584.js]
[jthemes.net/themes/wp/genz/wp-includes/js/wp-util.minb6a4.js]
[jthemes.net/themes/wp/genz/my-account/lost-password/index.html]
[jthemes.net/themes/wp/genz/wp-admin/js/user-profile.minb6a4.js]
[jthemes.net/themes/wp/genz/wp-login9e7b.html]
[jthemes.net/themes/wp/genz/index7ef4.html]
[jthemes.net/themes/wp/genz/wp-login6cff.html]
[jthemes.net/themes/wp/genz/indexe2dc.html]
[jthemes.net/themes/wp/genz/wp-login6570.html]
[jthemes.net/themes/wp/genz/wp-content/uploads/elementor/css/post-149dd61.css]
[jthemes.net/themes/wp/genz/index8bc8.html]
[jthemes.net/themes/wp/genz/wp-json/wp/v2/product/840.json]
[jthemes.net/themes/wp/genz/product/album/feed/index.html]
[jthemes.net/themes/wp/genz/wp-json/oembed/1.0/embed0e51.json]
[jthemes.net/themes/wp/genz/wp-json/oembed/1.0/embede2fc]
[jthemes.net/themes/wp/genz/wp-content/uploads/2019/01/album-1-600x600.jpg]
[jthemes.net/themes/wp/genz/wp-content/plugins/woocommerce/assets/js/frontend/single-product.min5125.js]
[jthemes.net/themes/wp/genz/product/album/index.html]
[jthemes.net/themes/wp/genz/shop/index9484.html]
[jthemes.net/themes/wp/genz/product-category/music/index.html]
[jthemes.net/themes/wp/genz/cart/index.html]
[jthemes.net/themes/wp/genz/my-account/index.html]
[jthemes.net/themes/wp/genz/product/album/index945b.html]
[jthemes.net/themes/wp/genz/wp-json/wp/v2/product/832.json]
[jthemes.net/themes/wp/genz/product/beanie/feed/index.html]
[jthemes.net/themes/wp/genz/wp-json/oembed/1.0/embed4d38.json]
[jthemes.net/themes/wp/genz/wp-json/oembed/1.0/embedd26e]
[jthemes.net/themes/wp/genz/wp-content/uploads/2019/01/beanie-2-600x600.jpg]
[jthemes.net/themes/wp/genz/wp-content/uploads/2019/01/sunglasses-2.jpg]
[jthemes.net/themes/wp/genz/product/beanie/index.html]
[jthemes.net/themes/wp/genz/product/beanie/index6379.html]
[jthemes.net/themes/wp/genz/product/beanie/index5ecf.html]
[jthemes.net/themes/wp/genz/product-category/clothing/accessories/index.html]
[jthemes.net/themes/wp/genz/shop/index8ee9.html]
[jthemes.net/themes/wp/genz/product/sunglasses/index.html]
[jthemes.net/themes/wp/genz/product/beanie/index0be2.html]
[jthemes.net/themes/wp/genz/product/beanie-with-logo/feed/index.html]
[jthemes.net/themes/wp/genz/product/beanie/index059e.html]
[jthemes.net/themes/wp/genz/wp-json/wp/v2/product/27.json]
[jthemes.net/themes/wp/genz/wp-json/oembed/1.0/embedf00f.json]
[jthemes.net/themes/wp/genz/wp-json/oembed/1.0/embed7e38]
[jthemes.net/themes/wp/genz/wp-content/uploads/2019/01/beanie-with-logo-1-600x600.jpg]
[jthemes.net/themes/wp/genz/product/beanie-with-logo/index.html]
[jthemes.net/themes/wp/genz/shop/index6379.html]
[jthemes.net/themes/wp/genz/product/beanie-with-logo/index5ecf.html]
[jthemes.net/themes/wp/genz/product/beanie-with-logo/index0be2.html]
[jthemes.net/themes/wp/genz/product/beanie-with-logo/index8ee9.html]
[jthemes.net/themes/wp/genz/product/beanie-with-logo/index059e.html]
[jthemes.net/themes/wp/genz/wp-json/wp/v2/product/833.json]
[jthemes.net/themes/wp/genz/product/belt/feed/index.html]
[jthemes.net/themes/wp/genz/wp-json/oembed/1.0/embed1c72.json]
[jthemes.net/themes/wp/genz/wp-json/oembed/1.0/embedd137]
[jthemes.net/themes/wp/genz/wp-content/uploads/2019/01/belt-2-600x600.jpg]
[jthemes.net/themes/wp/genz/product/belt/index.html]
[jthemes.net/themes/wp/genz/shop/index0be2.html]
[jthemes.net/themes/wp/genz/product/belt/index8ee9.html]
[jthemes.net/themes/wp/genz/product/belt/index5ecf.html]
[jthemes.net/themes/wp/genz/product/belt/index6379.html]
[jthemes.net/themes/wp/genz/product/belt/index059e.html]
[jthemes.net/themes/wp/genz/product/cap/feed/index.html]
[jthemes.net/themes/wp/genz/wp-json/wp/v2/product/834.json]
[jthemes.net/themes/wp/genz/wp-json/oembed/1.0/embed70b0.json]
[jthemes.net/themes/wp/genz/wp-json/oembed/1.0/embedaf57]
[jthemes.net/themes/wp/genz/wp-content/uploads/2019/01/cap-2-600x600.jpg]
[jthemes.net/themes/wp/genz/product/cap/index.html]
[jthemes.net/themes/wp/genz/shop/index5ecf.html]
[jthemes.net/themes/wp/genz/product/cap/index6379.html]
[jthemes.net/themes/wp/genz/product/cap/index0be2.html]
[jthemes.net/themes/wp/genz/product/cap/index8ee9.html]
[jthemes.net/themes/wp/genz/product/cap/index059e.html]
[jthemes.net/themes/wp/genz/wp-json/wp/v2/product/830.json]
[jthemes.net/themes/wp/genz/product/hoodie/feed/index.html]
[jthemes.net/themes/wp/genz/wp-json/oembed/1.0/embedab9c.json]
[jthemes.net/themes/wp/genz/wp-json/oembed/1.0/embedc888]
[jthemes.net/themes/wp/genz/wp-content/uploads/2019/01/hoodie-2-600x600.jpg]
[jthemes.net/themes/wp/genz/wp-content/uploads/2023/02/tag7.png]
[jthemes.net/themes/wp/genz/wp-content/uploads/2023/02/tag8.png]
[jthemes.net/themes/wp/genz/wp-content/plugins/woocommerce/assets/js/frontend/add-to-cart-variation.min5125.js]
[jthemes.net/themes/wp/genz/product/hoodie/index.html]
[jthemes.net/themes/wp/genz/wp-json/wp/v2/product/831.json]
[jthemes.net/themes/wp/genz/product-category/clothing/hoodies/index.html]
[jthemes.net/themes/wp/genz/product/hoodie/indexe553.html]
[jthemes.net/themes/wp/genz/product/hoodie/indexfb6f.html]
[jthemes.net/themes/wp/genz/product/hoodie-with-logo/feed/index.html]
[jthemes.net/themes/wp/genz/wp-json/oembed/1.0/embed4ee6.json]
[jthemes.net/themes/wp/genz/wp-json/oembed/1.0/embedc4a6]
[jthemes.net/themes/wp/genz/wp-content/uploads/2019/01/hoodie-with-logo-2-600x600.jpg]
[jthemes.net/themes/wp/genz/product/hoodie-with-logo/index.html]
[jthemes.net/themes/wp/genz/shop/indexe553.html]
[jthemes.net/themes/wp/genz/product/hoodie-with-zipper/feed/index.html]
[jthemes.net/themes/wp/genz/wp-json/wp/v2/product/837.json]
[jthemes.net/themes/wp/genz/product/hoodie-with-logo/indexfb6f.html]
[jthemes.net/themes/wp/genz/wp-json/oembed/1.0/embed58f5.json]
[jthemes.net/themes/wp/genz/wp-json/oembed/1.0/embed2416]
[jthemes.net/themes/wp/genz/wp-content/uploads/2019/01/hoodie-with-zipper-2-600x600.jpg]
[jthemes.net/themes/wp/genz/product/hoodie-with-zipper/index.html]
[jthemes.net/themes/wp/genz/shop/indexfb6f.html]
[jthemes.net/themes/wp/genz/wp-json/wp/v2/product/847.json]
[jthemes.net/themes/wp/genz/product/hoodie-with-zipper/indexe553.html]
[jthemes.net/themes/wp/genz/product/logo-collection/feed/index.html]
[jthemes.net/themes/wp/genz/wp-json/oembed/1.0/embedc0f8.json]
[jthemes.net/themes/wp/genz/wp-json/oembed/1.0/embed5535]
[jthemes.net/themes/wp/genz/wp-content/uploads/2019/01/logo-1-600x599.jpg]
[jthemes.net/themes/wp/genz/wp-content/uploads/2019/01/beanie-with-logo-1-100x100.jpg]
[jthemes.net/themes/wp/genz/wp-content/uploads/2019/01/t-shirt-with-logo-1.jpg]
[jthemes.net/themes/wp/genz/wp-content/uploads/2019/01/t-shirt-with-logo-1-100x100.jpg]
[jthemes.net/themes/wp/genz/product/logo-collection/index.html]
[jthemes.net/themes/wp/genz/product/t-shirt/index.html]
[jthemes.net/themes/wp/genz/product-category/clothing/index.html]
[jthemes.net/themes/wp/genz/wp-json/wp/v2/product/838.json]
[jthemes.net/themes/wp/genz/product/long-sleeve-tee/feed/index.html]
[jthemes.net/themes/wp/genz/wp-json/oembed/1.0/embed9c9a.json]
[jthemes.net/themes/wp/genz/wp-json/oembed/1.0/embed39ea]
[jthemes.net/themes/wp/genz/wp-content/uploads/2019/01/long-sleeve-tee-2-600x600.jpg]
[jthemes.net/themes/wp/genz/wp-content/uploads/2019/01/vneck-tee-2.jpg]
[jthemes.net/themes/wp/genz/product-category/clothing/tshirts/index.html]
[jthemes.net/themes/wp/genz/wp-content/uploads/2019/01/tshirt-2.jpg]
[jthemes.net/themes/wp/genz/product/long-sleeve-tee/index.html]
[jthemes.net/themes/wp/genz/product/v-neck-t-shirt/index.html]
[jthemes.net/themes/wp/genz/product/long-sleeve-tee/indexf09d.html]
[jthemes.net/themes/wp/genz/shop/index75bc.html]
[jthemes.net/themes/wp/genz/product/long-sleeve-tee/index8b86.html]
[jthemes.net/themes/wp/genz/product/t-shirt-with-logo/index.html]
[jthemes.net/themes/wp/genz/product/long-sleeve-tee/indexcac1.html]
[jthemes.net/themes/wp/genz/wp-json/wp/v2/product/839.json]
[jthemes.net/themes/wp/genz/product/polo/feed/index.html]
[jthemes.net/themes/wp/genz/wp-json/oembed/1.0/embedaa34.json]
[jthemes.net/themes/wp/genz/wp-json/oembed/1.0/embedfa61]
[jthemes.net/themes/wp/genz/wp-content/uploads/2019/01/polo-2-600x599.jpg]
[jthemes.net/themes/wp/genz/product/polo/index.html]
[jthemes.net/themes/wp/genz/shop/indexf09d.html]
[jthemes.net/themes/wp/genz/product/polo/indexcac1.html]
[jthemes.net/themes/wp/genz/wp-json/wp/v2/product/841.json]
[jthemes.net/themes/wp/genz/product/polo/index8b86.html]
[jthemes.net/themes/wp/genz/product/polo/index75bc.html]
[jthemes.net/themes/wp/genz/product/single/feed/index.html]
[jthemes.net/themes/wp/genz/wp-json/oembed/1.0/embed537e.json]
[jthemes.net/themes/wp/genz/wp-json/oembed/1.0/embed0390]
[jthemes.net/themes/wp/genz/wp-content/uploads/2019/01/single-1-600x600.jpg]
[jthemes.net/themes/wp/genz/product/single/index.html]
[jthemes.net/themes/wp/genz/shop/index945b.html]
[jthemes.net/themes/wp/genz/wp-content/uploads/2019/01/pennant-1.jpg]
[jthemes.net/themes/wp/genz/shop/page/2/index.html]
[jthemes.net/themes/wp/genz/shop/page/2/index059e.html]
[jthemes.net/themes/wp/genz/shop/page/2/index8b86.html]
[jthemes.net/themes/wp/genz/product/single/index9484.html]
[jthemes.net/themes/wp/genz/shop/page/2/indexcac1.html]
[jthemes.net/themes/wp/genz/wp-content/uploads/2023/02/news4-501x282.png]
[jthemes.net/themes/wp/genz/product/wordpress-pennant/index.html]
[jthemes.net/themes/wp/genz/wp-content/uploads/2023/02/news3-1-501x282.png]
[jthemes.net/themes/wp/genz/tag/lifestyle/page/2/index.html]
[jthemes.net/themes/wp/genz/tag/lifestyle/page/3/index.html]
[jthemes.net/themes/wp/genz/tag/lifestyle/page/4/index.html]
[jthemes.net/themes/wp/genz/wp-content/uploads/2023/02/news2-501x282.png]
[jthemes.net/themes/wp/genz/wp-content/uploads/2023/02/news1-501x282.png]
[jthemes.net/themes/wp/genz/tag/travel/page/2/index.html]
[jthemes.net/themes/wp/genz/tag/travel/page/3/index.html]
[jthemes.net/themes/wp/genz/tag/space/page/2/index.html]
[jthemes.net/themes/wp/genz/wp-content/uploads/2023/02/img6-501x282.jpg]
[jthemes.net/themes/wp/genz/tag/business/page/2/index.html]
[jthemes.net/themes/wp/genz/tag/food/page/2/index.html]
[jthemes.net/themes/wp/genz/index3f3a.html]
[jthemes.net/themes/wp/genz/wp-logind854.html]
[jthemes.net/themes/wp/genz/tag/interior/page/2/index.html]
[jthemes.net/themes/wp/genz/tag/plant/page/2/index.html]
[jthemes.net/themes/wp/genz/author/genzadmin/page/2/index.html]
[jthemes.net/themes/wp/genz/author/genzadmin/page/3/index.html]
[jthemes.net/themes/wp/genz/author/genzadmin/page/4/index.html]
[jthemes.net/themes/wp/genz/index7665.html]
[jthemes.net/themes/wp/genz/wp-logine5d5.html]
[jthemes.net/themes/wp/genz/tag/animal/page/2/index.html]
[jthemes.net/themes/wp/genz/index96f1.html]
[jthemes.net/themes/wp/genz/wp-login4f10.html]
[jthemes.net/themes/wp/genz/tag/culture/page/2/index.html]
[jthemes.net/themes/wp/genz/tag/fashion/page/2/index.html]
[jthemes.net/themes/wp/genz/index8cd4.html]
[jthemes.net/themes/wp/genz/wp-loginb351.html]
[jthemes.net/themes/wp/genz/index4579.html]
[jthemes.net/themes/wp/genz/wp-logind49f.html]
[jthemes.net/themes/wp/genz/index5604.html]
[jthemes.net/themes/wp/genz/wp-login0310.html]
[jthemes.net/themes/wp/genz/indexae74.html]
[jthemes.net/themes/wp/genz/wp-login8360.html]
[jthemes.net/themes/wp/genz/index6cf3.html]
[jthemes.net/themes/wp/genz/wp-login8c31.html]
[jthemes.net/themes/wp/genz/indexca96.html]
[jthemes.net/themes/wp/genz/wp-login2cb5.html]
[jthemes.net/themes/wp/genz/index1557.html]
[jthemes.net/themes/wp/genz/wp-logind0de.html]
[jthemes.net/themes/wp/genz/2/index.html]
[jthemes.net/themes/wp/genz/3/index.html]
[jthemes.net/themes/wp/genz/4/index.html]
[jthemes.net/themes/wp/genz/indexbdc5.html]
[jthemes.net/themes/wp/genz/wp-logina775.html]
[jthemes.net/themes/wp/genz/indexa942.html]
[jthemes.net/themes/wp/genz/wp-loginc63a.html]
[jthemes.net/themes/wp/genz/indexb351.html]
[jthemes.net/themes/wp/genz/wp-login276a.html]
[jthemes.net/themes/wp/genz/index17d3.html]
[jthemes.net/themes/wp/genz/wp-login0343.html]
[jthemes.net/themes/wp/genz/index27cd.html]
[jthemes.net/themes/wp/genz/portfolio/category/agency/index.html]
[jthemes.net/themes/wp/genz/portfolio/category/design/index.html]
[jthemes.net/themes/wp/genz/index16bc.html]
[jthemes.net/themes/wp/genz/index1422.html]
[jthemes.net/themes/wp/genz/index89a1.html]
[jthemes.net/themes/wp/genz/portfolio/skill/css/index.html]
[jthemes.net/themes/wp/genz/portfolio/skill/html/index.html]
[jthemes.net/themes/wp/genz/portfolio/skill/laravel/index.html]
[jthemes.net/themes/wp/genz/portfolio/skill/php/index.html]
[jthemes.net/themes/wp/genz/index820e.html]
[jthemes.net/themes/wp/genz/portfolio/skill/photoshop/index.html]
[jthemes.net/themes/wp/genz/portfolio/skill/design/index.html]
[jthemes.net/themes/wp/genz/wp-content/uploads/2023/02/img3-354x350.png]
[jthemes.net/themes/wp/genz/wp-content/uploads/2023/02/img2-1-354x350.png]
[jthemes.net/themes/wp/genz/wp-content/uploads/2023/02/img1-354x350.png]
[jthemes.net/themes/wp/genz/portfolio/genz-disk-cover/index.html]
[jthemes.net/themes/wp/genz/portfolio/page/2/index.html]
[jthemes.net/themes/wp/genz/portfolio/banner-design/index.html]
[jthemes.net/themes/wp/genz/index2cce.html]
[jthemes.net/themes/wp/genz/wp-logina7b2.html]
[jthemes.net/themes/wp/genz/index4f61.html]
[jthemes.net/themes/wp/genz/wp-login8cf0.html]
[jthemes.net/themes/wp/genz/wp-includes/fonts/dashicons7d4b.eot]
[jthemes.net/themes/wp/genz/portfolio/flyer-design/index.html]
[jthemes.net/themes/wp/genz/wp-includes/fonts/dashicons7d4b.ttf]
[jthemes.net/themes/wp/genz/wp-includes/css/dashicons.minb6a4.css]
[jthemes.net/themes/wp/genz/wp-includes/css/buttons.minb6a4.css]
[jthemes.net/themes/wp/genz/wp-admin/images/loading.gif]
[jthemes.net/themes/wp/genz/wp-admin/css/forms.minb6a4.css]
[jthemes.net/themes/wp/genz/wp-admin/css/l10n.minb6a4.css]
[jthemes.net/themes/wp/genz/wp-admin/images/w-logo-blue7a53.png]
[jthemes.net/themes/wp/genz/wp-admin/css/login.minb6a4.css]
[jthemes.net/themes/wp/genz/wp-content/plugins/woocommerce/assets/css/select25125.css]
[jthemes.net/themes/wp/genz/wp-json/wp/v2/pages/818.json]
[jthemes.net/themes/wp/genz/wp-json/oembed/1.0/embedc63b.json]
[jthemes.net/themes/wp/genz/wp-json/oembed/1.0/embedddfd]
[jthemes.net/themes/wp/genz/wp-content/plugins/woocommerce/assets/js/selectWoo/selectWoo.full.min8447.js]
[jthemes.net/themes/wp/genz/wp-content/plugins/woocommerce/assets/js/frontend/password-strength-meter.min5125.js]
[jthemes.net/themes/wp/genz/wp-content/plugins/woocommerce/assets/js/frontend/lost-password.min5125.js]
[jthemes.net/themes/wp/genz/my-account/lost-password/index.html]
[jthemes.net/themes/wp/genz/index7cb7.html]
[jthemes.net/themes/wp/genz/wp-json/wp/v2/product_cat/69.json]
[jthemes.net/themes/wp/genz/product-category/music/index.html]
[jthemes.net/themes/wp/genz/my-account/index.html]
[jthemes.net/themes/wp/genz/product/album/index945b.html]
[jthemes.net/themes/wp/genz/product-category/music/feed/index.html]
[jthemes.net/themes/wp/genz/product-category/music/index9484.html]
[jthemes.net/themes/wp/genz/product-category/music/index945b.html]
[jthemes.net/themes/wp/genz/wp-json/wp/v2/pages/816.json]
[jthemes.net/themes/wp/genz/wp-json/oembed/1.0/embed0c15.json]
[jthemes.net/themes/wp/genz/wp-json/oembed/1.0/embede90c]
[jthemes.net/themes/wp/genz/wp-content/uploads/2019/01/album-1-300x300.jpg]
[jthemes.net/themes/wp/genz/wp-content/uploads/2019/01/beanie-with-logo-1-300x300.jpg]
[jthemes.net/themes/wp/genz/wp-content/uploads/2019/01/belt-2-300x300.jpg]
[jthemes.net/themes/wp/genz/wp-content/uploads/2019/01/hoodie-with-logo-2-300x300.jpg]
[jthemes.net/themes/wp/genz/wp-content/uploads/2019/01/hoodie-with-zipper-2-300x300.jpg]
[jthemes.net/themes/wp/genz/wp-content/uploads/2019/01/polo-2-300x300.jpg]
[jthemes.net/themes/wp/genz/wp-content/uploads/2019/01/single-1-300x300.jpg]
[jthemes.net/themes/wp/genz/wp-content/plugins/woocommerce/assets/js/frontend/country-select.min5125.js]
[jthemes.net/themes/wp/genz/wp-content/plugins/woocommerce/assets/js/frontend/address-i18n.min5125.js]
[jthemes.net/themes/wp/genz/wp-content/plugins/woocommerce/assets/js/frontend/cart.min5125.js]
[jthemes.net/themes/wp/genz/cart/index.html]
[jthemes.net/themes/wp/genz/index59f6.html]
[jthemes.net/themes/wp/genz/checkout/index.html]
[jthemes.net/themes/wp/genz/wp-json/wp/v2/product_cat/68.json]
[jthemes.net/themes/wp/genz/product-category/clothing/accessories/index.html]
[jthemes.net/themes/wp/genz/product-category/clothing/accessories/feed/index.html]
[jthemes.net/themes/wp/genz/product/beanie/index5ecf.html]
[jthemes.net/themes/wp/genz/product-category/clothing/accessories/index0be2.html]
[jthemes.net/themes/wp/genz/product/beanie/index6379.html]
[jthemes.net/themes/wp/genz/product-category/clothing/accessories/index8ee9.html]
[jthemes.net/themes/wp/genz/product-category/clothing/accessories/index6379.html]
[jthemes.net/themes/wp/genz/product/beanie/index0be2.html]
[jthemes.net/themes/wp/genz/product-category/clothing/accessories/index5ecf.html]
[jthemes.net/themes/wp/genz/product-category/clothing/accessories/index059e.html]
[jthemes.net/themes/wp/genz/product/sunglasses/feed/index.html]
[jthemes.net/themes/wp/genz/wp-json/wp/v2/product/835.json]
[jthemes.net/themes/wp/genz/wp-json/oembed/1.0/embedc3a2.json]
[jthemes.net/themes/wp/genz/wp-json/oembed/1.0/embedc78a]
[jthemes.net/themes/wp/genz/wp-content/uploads/2019/01/sunglasses-2-600x600.jpg]
[jthemes.net/themes/wp/genz/product/sunglasses/index.html]
[jthemes.net/themes/wp/genz/product/beanie/index059e.html]
[jthemes.net/themes/wp/genz/product/sunglasses/index0be2.html]
[jthemes.net/themes/wp/genz/index1c4a.html]
[jthemes.net/themes/wp/genz/product/beanie-with-logo/index0be2.html]
[jthemes.net/themes/wp/genz/product/beanie-with-logo/index8ee9.html]
[jthemes.net/themes/wp/genz/product/beanie-with-logo/index059e.html]
[jthemes.net/themes/wp/genz/product/beanie-with-logo/index5ecf.html]
[jthemes.net/themes/wp/genz/index6fdb.html]
[jthemes.net/themes/wp/genz/product/belt/index6379.html]
[jthemes.net/themes/wp/genz/product/belt/index8ee9.html]
[jthemes.net/themes/wp/genz/product/belt/index059e.html]
[jthemes.net/themes/wp/genz/product/belt/index5ecf.html]
[jthemes.net/themes/wp/genz/indexe9c6.html]
[jthemes.net/themes/wp/genz/product/cap/index6379.html]
[jthemes.net/themes/wp/genz/product/cap/index059e.html]
[jthemes.net/themes/wp/genz/product/cap/index8ee9.html]
[jthemes.net/themes/wp/genz/product/cap/index0be2.html]
[jthemes.net/themes/wp/genz/index975e.html]
[jthemes.net/themes/wp/genz/product/sunglasses/index8ee9.html]
[jthemes.net/themes/wp/genz/product/sunglasses/index5ecf.html]
[jthemes.net/themes/wp/genz/product/sunglasses/index6379.html]
[jthemes.net/themes/wp/genz/wp-json/wp/v2/product_cat/67.json]
[jthemes.net/themes/wp/genz/product-category/clothing/hoodies/index.html]
[jthemes.net/themes/wp/genz/product/hoodie/indexe553.html]
[jthemes.net/themes/wp/genz/product/hoodie/indexfb6f.html]
[jthemes.net/themes/wp/genz/index89f6.html]
[jthemes.net/themes/wp/genz/product/hoodie-with-logo/indexfb6f.html]
[jthemes.net/themes/wp/genz/index0c04.html]
[jthemes.net/themes/wp/genz/product/hoodie-with-zipper/indexe553.html]
[jthemes.net/themes/wp/genz/indexdabb.html]
[jthemes.net/themes/wp/genz/product-category/clothing/hoodies/feed/index.html]
[jthemes.net/themes/wp/genz/product-category/clothing/hoodies/indexe553.html]
[jthemes.net/themes/wp/genz/product-category/clothing/hoodies/indexfb6f.html]
[jthemes.net/themes/wp/genz/product/t-shirt/feed/index.html]
[jthemes.net/themes/wp/genz/wp-json/wp/v2/product/9.json]
[jthemes.net/themes/wp/genz/wp-json/oembed/1.0/embede288.json]
[jthemes.net/themes/wp/genz/wp-json/oembed/1.0/embed1187]
[jthemes.net/themes/wp/genz/wp-content/uploads/2019/01/tshirt-2-600x600.jpg]
[jthemes.net/themes/wp/genz/product/t-shirt/index.html]
[jthemes.net/themes/wp/genz/wp-json/wp/v2/product_cat/65.json]
[jthemes.net/themes/wp/genz/product/t-shirt/index75bc.html]
[jthemes.net/themes/wp/genz/product-category/clothing/index.html]
[jthemes.net/themes/wp/genz/product/t-shirt/indexcac1.html]
[jthemes.net/themes/wp/genz/indexec9a.html]
[jthemes.net/themes/wp/genz/product/t-shirt/indexf09d.html]
[jthemes.net/themes/wp/genz/product-category/clothing/index8ee9.html]
[jthemes.net/themes/wp/genz/product-category/clothing/feed/index.html]
[jthemes.net/themes/wp/genz/product-category/clothing/index6379.html]
[jthemes.net/themes/wp/genz/wp-json/wp/v2/product_cat/66.json]
[jthemes.net/themes/wp/genz/product-category/clothing/index5ecf.html]
[jthemes.net/themes/wp/genz/product-category/clothing/index0be2.html]
[jthemes.net/themes/wp/genz/product-category/clothing/tshirts/index.html]
[jthemes.net/themes/wp/genz/product-category/clothing/indexe553.html]
[jthemes.net/themes/wp/genz/product-category/clothing/indexfb6f.html]
[jthemes.net/themes/wp/genz/product-category/clothing/index75bc.html]
[jthemes.net/themes/wp/genz/product-category/clothing/indexf09d.html]
[jthemes.net/themes/wp/genz/wp-json/wp/v2/product/829.json]
[jthemes.net/themes/wp/genz/wp-json/oembed/1.0/embedb4b5.json]
[jthemes.net/themes/wp/genz/product-category/clothing/index059e.html]
[jthemes.net/themes/wp/genz/product-category/clothing/page/2/index.html]
[jthemes.net/themes/wp/genz/product-category/clothing/index8b86.html]
[jthemes.net/themes/wp/genz/product-category/clothing/tshirts/feed/index.html]
[jthemes.net/themes/wp/genz/wp-json/oembed/1.0/embedd996]
[jthemes.net/themes/wp/genz/product-category/clothing/tshirts/index8b86.html]
[jthemes.net/themes/wp/genz/product-category/clothing/tshirts/index75bc.html]
[jthemes.net/themes/wp/genz/product-category/clothing/tshirts/indexcac1.html]
[jthemes.net/themes/wp/genz/product-category/clothing/tshirts/indexf09d.html]
[jthemes.net/themes/wp/genz/wp-content/uploads/2019/01/vneck-tee-2-600x599.jpg]
[jthemes.net/themes/wp/genz/wp-content/uploads/2019/01/vnech-tee-blue-1.jpg]
[jthemes.net/themes/wp/genz/product/v-neck-t-shirt/feed/index.html]
[jthemes.net/themes/wp/genz/wp-content/uploads/2019/01/vnech-tee-blue-1-100x100.jpg]
[jthemes.net/themes/wp/genz/product/v-neck-t-shirt/index.html]
[jthemes.net/themes/wp/genz/product/long-sleeve-tee/indexf09d.html]
[jthemes.net/themes/wp/genz/product/v-neck-t-shirt/index8b86.html]
[jthemes.net/themes/wp/genz/product/v-neck-t-shirt/indexcac1.html]
[jthemes.net/themes/wp/genz/product/long-sleeve-tee/index8b86.html]
[jthemes.net/themes/wp/genz/product/v-neck-t-shirt/index75bc.html]
[jthemes.net/themes/wp/genz/product/v-neck-t-shirt/indexf09d.html]
[jthemes.net/themes/wp/genz/product/t-shirt-with-logo/feed/index.html]
[jthemes.net/themes/wp/genz/wp-json/wp/v2/product/26.json]
[jthemes.net/themes/wp/genz/wp-json/oembed/1.0/embedc55c.json]
[jthemes.net/themes/wp/genz/wp-json/oembed/1.0/embedb770]
[jthemes.net/themes/wp/genz/wp-content/uploads/2019/01/t-shirt-with-logo-1-600x600.jpg]
[jthemes.net/themes/wp/genz/product/t-shirt-with-logo/index.html]
[jthemes.net/themes/wp/genz/product/long-sleeve-tee/indexcac1.html]
[jthemes.net/themes/wp/genz/indexce54.html]
[jthemes.net/themes/wp/genz/product/polo/indexcac1.html]
[jthemes.net/themes/wp/genz/product/polo/index75bc.html]
[jthemes.net/themes/wp/genz/product/polo/index8b86.html]
[jthemes.net/themes/wp/genz/indexc308.html]
[jthemes.net/themes/wp/genz/product/single/index9484.html]
[jthemes.net/themes/wp/genz/shop/page/2/index059e.html]
[jthemes.net/themes/wp/genz/shop/page/2/index8b86.html]
[jthemes.net/themes/wp/genz/shop/page/2/indexcac1.html]
[jthemes.net/themes/wp/genz/product/t-shirt-with-logo/indexf09d.html]
[jthemes.net/themes/wp/genz/product/t-shirt-with-logo/index8b86.html]
[jthemes.net/themes/wp/genz/wp-json/wp/v2/product/848.json]
[jthemes.net/themes/wp/genz/product/t-shirt-with-logo/index75bc.html]
[jthemes.net/themes/wp/genz/product/wordpress-pennant/feed/index.html]
[jthemes.net/themes/wp/genz/wp-json/oembed/1.0/embed3c39.json]
[jthemes.net/themes/wp/genz/wp-json/oembed/1.0/embed2489]
[jthemes.net/themes/wp/genz/wp-content/uploads/2019/01/pennant-1-600x600.jpg]
[jthemes.net/themes/wp/genz/product/wordpress-pennant/index.html]
[jthemes.net/themes/wp/genz/shop/page/1/index.html]
[jthemes.net/themes/wp/genz/product-category/decor/index.html]
[jthemes.net/themes/wp/genz/wp-json/oembed/1.0/embed4e5f.json]
[jthemes.net/themes/wp/genz/wp-json/oembed/1.0/embededfd]
[jthemes.net/themes/wp/genz/wp-content/uploads/2023/02/portfolio-3.png]
[jthemes.net/themes/wp/genz/portfolio/genz-disk-cover/index.html]
[jthemes.net/themes/wp/genz/wp-json/oembed/1.0/embed3142.json]
[jthemes.net/themes/wp/genz/wp-json/oembed/1.0/embed0cf1]
[jthemes.net/themes/wp/genz/wp-content/uploads/2023/02/news10-525x618.png]
[jthemes.net/themes/wp/genz/wp-content/uploads/2023/02/portfolio-2-2-525x314.png]
[jthemes.net/themes/wp/genz/wp-content/uploads/2023/02/img-597x314.jpg]
[jthemes.net/themes/wp/genz/portfolio/banner-design/index.html]
[jthemes.net/themes/wp/genz/wp-json/oembed/1.0/embed2021.json]
[jthemes.net/themes/wp/genz/portfolio/flyer-design/feed/index.html]
[jthemes.net/themes/wp/genz/wp-json/oembed/1.0/embed9253]
[jthemes.net/themes/wp/genz/wp-content/uploads/2023/02/news10-996x510.png]
[jthemes.net/themes/wp/genz/wp-content/uploads/2023/02/portfolio-1-2-1133x510.png]
[jthemes.net/themes/wp/genz/wp-content/uploads/2023/02/portfolio-2-2.png]
[jthemes.net/themes/wp/genz/portfolio/flyer-design/index.html]
[jthemes.net/themes/wp/genz/wp-admin/images/wordpress-logo7d6b.svg]
[jthemes.net/themes/wp/genz/wp-content/plugins/woocommerce/assets/css/select25125.css]
[jthemes.net/themes/wp/genz/indexefa2.html]
[jthemes.net/themes/wp/genz/product-category/music/index9484.html]
[jthemes.net/themes/wp/genz/product-category/music/index945b.html]
[jthemes.net/themes/wp/genz/indexe5c7.html]
[jthemes.net/themes/wp/genz/cart/index70f6.html]
[jthemes.net/themes/wp/genz/cart/index406b.html]
[jthemes.net/themes/wp/genz/cart/indexa5bd.html]
[jthemes.net/themes/wp/genz/cart/indexa428.html]
[jthemes.net/themes/wp/genz/cart/index9d71.html]
[jthemes.net/themes/wp/genz/cart/index2f50.html]
[jthemes.net/themes/wp/genz/cart/indexcb23.html]
[jthemes.net/themes/wp/genz/wp-json/wp/v2/pages/817.json]
[jthemes.net/themes/wp/genz/wp-json/oembed/1.0/embed75f7.json]
[jthemes.net/themes/wp/genz/wp-json/oembed/1.0/embed984e]
[jthemes.net/themes/wp/genz/wp-content/plugins/woocommerce/assets/js/frontend/checkout.min5125.js]
[jthemes.net/themes/wp/genz/checkout/index.html]
[jthemes.net/themes/wp/genz/product-category/clothing/accessories/index8ee9.html]
[jthemes.net/themes/wp/genz/product-category/clothing/accessories/index6379.html]
[jthemes.net/themes/wp/genz/product-category/clothing/accessories/index0be2.html]
[jthemes.net/themes/wp/genz/product-category/clothing/accessories/index5ecf.html]
[jthemes.net/themes/wp/genz/product-category/clothing/accessories/index059e.html]
[jthemes.net/themes/wp/genz/index7a13.html]
[jthemes.net/themes/wp/genz/product/sunglasses/index0be2.html]
[jthemes.net/themes/wp/genz/product/sunglasses/index6379.html]
[jthemes.net/themes/wp/genz/product/sunglasses/index5ecf.html]
[jthemes.net/themes/wp/genz/product/sunglasses/index8ee9.html]
[jthemes.net/themes/wp/genz/product-category/clothing/hoodies/indexe553.html]
[jthemes.net/themes/wp/genz/product-category/clothing/hoodies/indexfb6f.html]
[jthemes.net/themes/wp/genz/indexb5fb.html]
[jthemes.net/themes/wp/genz/product/t-shirt/indexcac1.html]
[jthemes.net/themes/wp/genz/product/t-shirt/index75bc.html]
[jthemes.net/themes/wp/genz/product/t-shirt/indexf09d.html]
[jthemes.net/themes/wp/genz/product-category/clothing/index8ee9.html]
[jthemes.net/themes/wp/genz/product-category/clothing/index6379.html]
[jthemes.net/themes/wp/genz/product-category/clothing/index0be2.html]
[jthemes.net/themes/wp/genz/product-category/clothing/index5ecf.html]
[jthemes.net/themes/wp/genz/product-category/clothing/indexe553.html]
[jthemes.net/themes/wp/genz/product-category/clothing/indexfb6f.html]
[jthemes.net/themes/wp/genz/product-category/clothing/index75bc.html]
[jthemes.net/themes/wp/genz/product-category/clothing/indexf09d.html]
[jthemes.net/themes/wp/genz/product-category/clothing/index059e.html]
[jthemes.net/themes/wp/genz/product-category/clothing/index8b86.html]
[jthemes.net/themes/wp/genz/product-category/clothing/page/2/index.html]
[jthemes.net/themes/wp/genz/product-category/clothing/tshirts/index75bc.html]
[jthemes.net/themes/wp/genz/product-category/clothing/tshirts/indexf09d.html]
[jthemes.net/themes/wp/genz/product-category/clothing/tshirts/index8b86.html]
[jthemes.net/themes/wp/genz/product-category/clothing/tshirts/indexcac1.html]
[jthemes.net/themes/wp/genz/indexf9af.html]
[jthemes.net/themes/wp/genz/product/v-neck-t-shirt/indexcac1.html]
[jthemes.net/themes/wp/genz/product/v-neck-t-shirt/index8b86.html]
[jthemes.net/themes/wp/genz/product/v-neck-t-shirt/index75bc.html]
[jthemes.net/themes/wp/genz/product/v-neck-t-shirt/indexf09d.html]
[jthemes.net/themes/wp/genz/index88b9.html]
[jthemes.net/themes/wp/genz/product/t-shirt-with-logo/indexf09d.html]
[jthemes.net/themes/wp/genz/product/t-shirt-with-logo/index8b86.html]
[jthemes.net/themes/wp/genz/product/t-shirt-with-logo/index75bc.html]
[jthemes.net/themes/wp/genz/indexab1b.html]
[jthemes.net/themes/wp/genz/product-category/clothing/page/2/indexcac1.html]
[jthemes.net/themes/wp/genz/wp-json/wp/v2/product_cat/70.json]
[jthemes.net/themes/wp/genz/product-category/decor/index.html]
[jthemes.net/themes/wp/genz/index8902.html]
[jthemes.net/themes/wp/genz/portfolio/skill/developemnt/index.html]
[jthemes.net/themes/wp/genz/portfolio/skill/graphich/index.html]
[jthemes.net/themes/wp/genz/index486a.html]
[jthemes.net/themes/wp/genz/portfolio/skill/nature/index.html]
[jthemes.net/themes/wp/genz/index6233.html]
[jthemes.net/themes/wp/genz/product-category/decor/feed/index.html]
[jthemes.net/themes/wp/genz/wp-content/uploads/2019/01/cap-2-300x300.jpg]
[jthemes.net/themes/wp/genz/wp-content/uploads/2019/01/sunglasses-2-300x300.jpg]
[jthemes.net/themes/wp/genz/wp-content/uploads/2019/01/tshirt-2-300x300.jpg]
[jthemes.net/themes/wp/genz/wp-content/uploads/2019/01/t-shirt-with-logo-1-300x300.jpg]
[jthemes.net/themes/wp/genz/wp-content/uploads/2019/01/long-sleeve-tee-2-300x300.jpg]
[jthemes.net/themes/wp/genz/wp-content/uploads/2019/01/beanie-2-300x300.jpg]
[jthemes.net/themes/wp/genz/cart/indexaafe.html]
[jthemes.net/themes/wp/genz/indexeba0.html]
[jthemes.net/themes/wp/genz/cart/indexee39.html]
[jthemes.net/themes/wp/genz/cart/indexdc65.html]
[jthemes.net/themes/wp/genz/cart/indexbed6.html]
[jthemes.net/themes/wp/genz/cart/index279a.html]
[jthemes.net/themes/wp/genz/cart/index3283.html]
[jthemes.net/themes/wp/genz/cart/indexda5c.html]
[jthemes.net/themes/wp/genz/cart/index2308.html]
[jthemes.net/themes/wp/genz/index3b72.html]
[jthemes.net/themes/wp/genz/product-category/clothing/page/2/indexcac1.html]
[jthemes.net/themes/wp/genz/product-category/clothing/page/1/index.html]
[jthemes.net/themes/wp/genz/cart/indexcb6a.html]
[jthemes.net/themes/wp/genz/cart/indexfbd6.html]
[jthemes.net/themes/wp/genz/cart/indexfa72.html]
[jthemes.net/themes/wp/genz/cart/indexbbe8.html]
[jthemes.net/themes/wp/genz/cart/indexf4eb.html]
[jthemes.net/themes/wp/genz/cart/indexffa1.html]
